#-----------------------------------------------------------
# Vivado v2015.4 (64-bit)
# SW Build 1412921 on Wed Nov 18 09:43:45 MST 2015
# IP Build 1412160 on Tue Nov 17 13:47:24 MST 2015
# Start of session at: Fri Aug 03 12:27:29 2018
# Process ID: 2136
# Current directory: C:/Users/yaris/Desktop/AXI_FIFO(Test1)
# Command line: vivado.exe -gui_launcher_event rodinguilauncherevent14496 C:\Users\yaris\Desktop\AXI_FIFO(Test1)\AXI_FIFO.xpr
# Log file: C:/Users/yaris/Desktop/AXI_FIFO(Test1)/vivado.log
# Journal file: C:/Users/yaris/Desktop/AXI_FIFO(Test1)\vivado.jou
#-----------------------------------------------------------
start_gui
open_project C:/Users/yaris/Desktop/AXI_FIFO(Test1)/AXI_FIFO.xpr
open_run synth_1 -name synth_1
close_design
open_bd_design {C:/Users/yaris/Desktop/AXI_FIFO(Test1)/AXI_FIFO.srcs/sources_1/bd/system/system.bd}
launch_sdk -workspace C:/Users/yaris/Desktop/AXI_FIFO(Test1)/AXI_FIFO.sdk -hwspec C:/Users/yaris/Desktop/AXI_FIFO(Test1)/AXI_FIFO.sdk/system_wrapper.hdf
file copy -force C:/Users/yaris/Desktop/AXI_FIFO(Test1)/AXI_FIFO.runs/impl_1/system_wrapper.sysdef C:/Users/yaris/Desktop/AXI_FIFO(Test1)/AXI_FIFO.sdk/system_wrapper.hdf

launch_sdk -workspace C:/Users/yaris/Desktop/AXI_FIFO(Test1)/AXI_FIFO.sdk -hwspec C:/Users/yaris/Desktop/AXI_FIFO(Test1)/AXI_FIFO.sdk/system_wrapper.hdf
