16:36:00 **** Auto Build of configuration Debug for project FIFO_Test ****
make all 
'Building file: ../src/timer_intr.c'
'Invoking: ARM gcc compiler'
arm-xilinx-eabi-gcc -Wall -O0 -g3 -c -fmessage-length=0 -MT"src/timer_intr.o" -I../../FIFO_Test_bsp/ps7_cortexa9_0/include -MMD -MP -MF"src/timer_intr.d" -MT"src/timer_intr.d" -o "src/timer_intr.o" "../src/timer_intr.c"
'Finished building: ../src/timer_intr.c'
' '
'Building target: FIFO_Test.elf'
'Invoking: ARM gcc linker'
arm-xilinx-eabi-gcc -Wl,-T -Wl,../src/lscript.ld -L../../FIFO_Test_bsp/ps7_cortexa9_0/lib -o "FIFO_Test.elf"  ./src/dma_intr.o ./src/main.o ./src/sys_intr.o ./src/timer_intr.o   -Wl,--start-group,-lxil,-lgcc,-lc,--end-group
'Finished building target: FIFO_Test.elf'
' '
'Invoking: ARM Print Size'
arm-xilinx-eabi-size FIFO_Test.elf  |tee "FIFO_Test.elf.size"
   text	   data	    bss	    dec	    hex	filename
  92148	   3296	  26268	 121712	  1db70	FIFO_Test.elf
'Finished building: FIFO_Test.elf.size'
' '

16:36:02 Build Finished (took 2s.477ms)

