15:25:37 **** Build of project test_bsp ****
make -k all 
"Running Make include in ps7_cortexa9_0/libsrc/axidma_v9_0/src"
make -C ps7_cortexa9_0/libsrc/axidma_v9_0/src -s include  "SHELL=CMD" "COMPILER=arm-xilinx-eabi-gcc" "ARCHIVER=arm-xilinx-eabi-ar" "COMPILER_FLAGS=  -O2 -c" "EXTRA_COMPILER_FLAGS=-g"
"Running Make include in ps7_cortexa9_0/libsrc/coresightps_dcc_v1_2/src"
make -C ps7_cortexa9_0/libsrc/coresightps_dcc_v1_2/src -s include  "SHELL=CMD" "COMPILER=arm-xilinx-eabi-gcc" "ARCHIVER=arm-xilinx-eabi-ar" "COMPILER_FLAGS=  -O2 -c" "EXTRA_COMPILER_FLAGS=-g"
"Running Make include in ps7_cortexa9_0/libsrc/cpu_cortexa9_v2_1/src"
make -C ps7_cortexa9_0/libsrc/cpu_cortexa9_v2_1/src -s include  "SHELL=CMD" "COMPILER=arm-xilinx-eabi-gcc" "ARCHIVER=arm-xilinx-eabi-ar" "COMPILER_FLAGS=  -O2 -c" "EXTRA_COMPILER_FLAGS=-g"
"Running Make include in ps7_cortexa9_0/libsrc/ddrps_v1_0/src"
make -C ps7_cortexa9_0/libsrc/ddrps_v1_0/src -s include  "SHELL=CMD" "COMPILER=arm-xilinx-eabi-gcc" "ARCHIVER=arm-xilinx-eabi-ar" "COMPILER_FLAGS=  -O2 -c" "EXTRA_COMPILER_FLAGS=-g"
"Running Make include in ps7_cortexa9_0/libsrc/devcfg_v3_3/src"
make -C ps7_cortexa9_0/libsrc/devcfg_v3_3/src -s include  "SHELL=CMD" "COMPILER=arm-xilinx-eabi-gcc" "ARCHIVER=arm-xilinx-eabi-ar" "COMPILER_FLAGS=  -O2 -c" "EXTRA_COMPILER_FLAGS=-g"
"Running Make include in ps7_cortexa9_0/libsrc/dmaps_v2_1/src"
make -C ps7_cortexa9_0/libsrc/dmaps_v2_1/src -s include  "SHELL=CMD" "COMPILER=arm-xilinx-eabi-gcc" "ARCHIVER=arm-xilinx-eabi-ar" "COMPILER_FLAGS=  -O2 -c" "EXTRA_COMPILER_FLAGS=-g"
"Running Make include in ps7_cortexa9_0/libsrc/gpio_v4_0/src"
make -C ps7_cortexa9_0/libsrc/gpio_v4_0/src -s include  "SHELL=CMD" "COMPILER=arm-xilinx-eabi-gcc" "ARCHIVER=arm-xilinx-eabi-ar" "COMPILER_FLAGS=  -O2 -c" "EXTRA_COMPILER_FLAGS=-g"
"Running Make include in ps7_cortexa9_0/libsrc/scugic_v3_1/src"
make -C ps7_cortexa9_0/libsrc/scugic_v3_1/src -s include  "SHELL=CMD" "COMPILER=arm-xilinx-eabi-gcc" "ARCHIVER=arm-xilinx-eabi-ar" "COMPILER_FLAGS=  -O2 -c" "EXTRA_COMPILER_FLAGS=-g"
"Running Make include in ps7_cortexa9_0/libsrc/scutimer_v2_1/src"
make -C ps7_cortexa9_0/libsrc/scutimer_v2_1/src -s include  "SHELL=CMD" "COMPILER=arm-xilinx-eabi-gcc" "ARCHIVER=arm-xilinx-eabi-ar" "COMPILER_FLAGS=  -O2 -c" "EXTRA_COMPILER_FLAGS=-g"
"Running Make include in ps7_cortexa9_0/libsrc/scuwdt_v2_1/src"
make -C ps7_cortexa9_0/libsrc/scuwdt_v2_1/src -s include  "SHELL=CMD" "COMPILER=arm-xilinx-eabi-gcc" "ARCHIVER=arm-xilinx-eabi-ar" "COMPILER_FLAGS=  -O2 -c" "EXTRA_COMPILER_FLAGS=-g"
"Running Make include in ps7_cortexa9_0/libsrc/standalone_v5_3/src"
make -C ps7_cortexa9_0/libsrc/standalone_v5_3/src -s include  "SHELL=CMD" "COMPILER=arm-xilinx-eabi-gcc" "ARCHIVER=arm-xilinx-eabi-ar" "COMPILER_FLAGS=  -O2 -c" "EXTRA_COMPILER_FLAGS=-g"
"Running Make include in ps7_cortexa9_0/libsrc/uartps_v3_1/src"
make -C ps7_cortexa9_0/libsrc/uartps_v3_1/src -s include  "SHELL=CMD" "COMPILER=arm-xilinx-eabi-gcc" "ARCHIVER=arm-xilinx-eabi-ar" "COMPILER_FLAGS=  -O2 -c" "EXTRA_COMPILER_FLAGS=-g"
"Running Make include in ps7_cortexa9_0/libsrc/xadcps_v2_2/src"
make -C ps7_cortexa9_0/libsrc/xadcps_v2_2/src -s include  "SHELL=CMD" "COMPILER=arm-xilinx-eabi-gcc" "ARCHIVER=arm-xilinx-eabi-ar" "COMPILER_FLAGS=  -O2 -c" "EXTRA_COMPILER_FLAGS=-g"
"Running Make libs in ps7_cortexa9_0/libsrc/axidma_v9_0/src"
make -C ps7_cortexa9_0/libsrc/axidma_v9_0/src -s libs  "SHELL=CMD" "COMPILER=arm-xilinx-eabi-gcc" "ARCHIVER=arm-xilinx-eabi-ar" "COMPILER_FLAGS=  -O2 -c" "EXTRA_COMPILER_FLAGS=-g"
"Compiling axidma"
In file included from xaxidma.h:470:0,
                 from xaxidma.c:83:
xaxidma.c: In function 'XAxiDma_Reset':
xaxidma_bdring.h:238:26: warning: assignment makes pointer from integer without a cast
    (RingPtr)->BdaRestart =      \
                          ^
xaxidma.c:313:3: note: in expansion of macro 'XAxiDma_BdRingSnapShotCurrBd'
   XAxiDma_BdRingSnapShotCurrBd(TxRingPtr);
   ^
xaxidma_bdring.h:243:27: warning: assignment makes pointer from integer without a cast
     (RingPtr)->BdaRestart =     \
                           ^
xaxidma.c:313:3: note: in expansion of macro 'XAxiDma_BdRingSnapShotCurrBd'
   XAxiDma_BdRingSnapShotCurrBd(TxRingPtr);
   ^
xaxidma_bdring.h:248:27: warning: assignment makes pointer from integer without a cast
     (RingPtr)->BdaRestart =     \
                           ^
xaxidma.c:313:3: note: in expansion of macro 'XAxiDma_BdRingSnapShotCurrBd'
   XAxiDma_BdRingSnapShotCurrBd(TxRingPtr);
   ^
xaxidma_bdring.h:238:26: warning: assignment makes pointer from integer without a cast
    (RingPtr)->BdaRestart =      \
                          ^
xaxidma.c:319:4: note: in expansion of macro 'XAxiDma_BdRingSnapShotCurrBd'
    XAxiDma_BdRingSnapShotCurrBd(RxRingPtr);
    ^
xaxidma_bdring.h:243:27: warning: assignment makes pointer from integer without a cast
     (RingPtr)->BdaRestart =     \
                           ^
xaxidma.c:319:4: note: in expansion of macro 'XAxiDma_BdRingSnapShotCurrBd'
    XAxiDma_BdRingSnapShotCurrBd(RxRingPtr);
    ^
xaxidma_bdring.h:248:27: warning: assignment makes pointer from integer without a cast
     (RingPtr)->BdaRestart =     \
                           ^
xaxidma.c:319:4: note: in expansion of macro 'XAxiDma_BdRingSnapShotCurrBd'
    XAxiDma_BdRingSnapShotCurrBd(RxRingPtr);
    ^
arm-xilinx-eabi-ar: creating ../../../lib/libxil.a
"Running Make libs in ps7_cortexa9_0/libsrc/coresightps_dcc_v1_2/src"
make -C ps7_cortexa9_0/libsrc/coresightps_dcc_v1_2/src -s libs  "SHELL=CMD" "COMPILER=arm-xilinx-eabi-gcc" "ARCHIVER=arm-xilinx-eabi-ar" "COMPILER_FLAGS=  -O2 -c" "EXTRA_COMPILER_FLAGS=-g"
"Compiling coresightps_dcc"
"Running Make libs in ps7_cortexa9_0/libsrc/cpu_cortexa9_v2_1/src"
make -C ps7_cortexa9_0/libsrc/cpu_cortexa9_v2_1/src -s libs  "SHELL=CMD" "COMPILER=arm-xilinx-eabi-gcc" "ARCHIVER=arm-xilinx-eabi-ar" "COMPILER_FLAGS=  -O2 -c" "EXTRA_COMPILER_FLAGS=-g"
"Compiling cpu_cortexa9"
"Running Make libs in ps7_cortexa9_0/libsrc/ddrps_v1_0/src"
make -C ps7_cortexa9_0/libsrc/ddrps_v1_0/src -s libs  "SHELL=CMD" "COMPILER=arm-xilinx-eabi-gcc" "ARCHIVER=arm-xilinx-eabi-ar" "COMPILER_FLAGS=  -O2 -c" "EXTRA_COMPILER_FLAGS=-g"
"Compiling ddrps"
"Running Make libs in ps7_cortexa9_0/libsrc/devcfg_v3_3/src"
make -C ps7_cortexa9_0/libsrc/devcfg_v3_3/src -s libs  "SHELL=CMD" "COMPILER=arm-xilinx-eabi-gcc" "ARCHIVER=arm-xilinx-eabi-ar" "COMPILER_FLAGS=  -O2 -c" "EXTRA_COMPILER_FLAGS=-g"
"Compiling devcfg"
"Running Make libs in ps7_cortexa9_0/libsrc/dmaps_v2_1/src"
make -C ps7_cortexa9_0/libsrc/dmaps_v2_1/src -s libs  "SHELL=CMD" "COMPILER=arm-xilinx-eabi-gcc" "ARCHIVER=arm-xilinx-eabi-ar" "COMPILER_FLAGS=  -O2 -c" "EXTRA_COMPILER_FLAGS=-g"
"Compiling dmaps"
"Running Make libs in ps7_cortexa9_0/libsrc/gpio_v4_0/src"
make -C ps7_cortexa9_0/libsrc/gpio_v4_0/src -s libs  "SHELL=CMD" "COMPILER=arm-xilinx-eabi-gcc" "ARCHIVER=arm-xilinx-eabi-ar" "COMPILER_FLAGS=  -O2 -c" "EXTRA_COMPILER_FLAGS=-g"
"Compiling gpio"
"Running Make libs in ps7_cortexa9_0/libsrc/scugic_v3_1/src"
make -C ps7_cortexa9_0/libsrc/scugic_v3_1/src -s libs  "SHELL=CMD" "COMPILER=arm-xilinx-eabi-gcc" "ARCHIVER=arm-xilinx-eabi-ar" "COMPILER_FLAGS=  -O2 -c" "EXTRA_COMPILER_FLAGS=-g"
"Compiling scugic"
"Running Make libs in ps7_cortexa9_0/libsrc/scutimer_v2_1/src"
make -C ps7_cortexa9_0/libsrc/scutimer_v2_1/src -s libs  "SHELL=CMD" "COMPILER=arm-xilinx-eabi-gcc" "ARCHIVER=arm-xilinx-eabi-ar" "COMPILER_FLAGS=  -O2 -c" "EXTRA_COMPILER_FLAGS=-g"
"Compiling scutimer"
"Running Make libs in ps7_cortexa9_0/libsrc/scuwdt_v2_1/src"
make -C ps7_cortexa9_0/libsrc/scuwdt_v2_1/src -s libs  "SHELL=CMD" "COMPILER=arm-xilinx-eabi-gcc" "ARCHIVER=arm-xilinx-eabi-ar" "COMPILER_FLAGS=  -O2 -c" "EXTRA_COMPILER_FLAGS=-g"
"Compiling scuwdt"
"Running Make libs in ps7_cortexa9_0/libsrc/standalone_v5_3/src"
make -C ps7_cortexa9_0/libsrc/standalone_v5_3/src -s libs  "SHELL=CMD" "COMPILER=arm-xilinx-eabi-gcc" "ARCHIVER=arm-xilinx-eabi-ar" "COMPILER_FLAGS=  -O2 -c" "EXTRA_COMPILER_FLAGS=-g"
"Compiling standalone"
"Running Make libs in ps7_cortexa9_0/libsrc/uartps_v3_1/src"
make -C ps7_cortexa9_0/libsrc/uartps_v3_1/src -s libs  "SHELL=CMD" "COMPILER=arm-xilinx-eabi-gcc" "ARCHIVER=arm-xilinx-eabi-ar" "COMPILER_FLAGS=  -O2 -c" "EXTRA_COMPILER_FLAGS=-g"
"Compiling uartps"
"Running Make libs in ps7_cortexa9_0/libsrc/xadcps_v2_2/src"
make -C ps7_cortexa9_0/libsrc/xadcps_v2_2/src -s libs  "SHELL=CMD" "COMPILER=arm-xilinx-eabi-gcc" "ARCHIVER=arm-xilinx-eabi-ar" "COMPILER_FLAGS=  -O2 -c" "EXTRA_COMPILER_FLAGS=-g"
"Compiling xadcps"
'Finished building libraries'
15:26:30 **** Build of configuration Debug for project test ****
make all 
'Building file: ../src/helloworld.c'
'Invoking: ARM gcc compiler'
arm-xilinx-eabi-gcc -Wall -O0 -g3 -c -fmessage-length=0 -MT"src/helloworld.o" -I../../test_bsp/ps7_cortexa9_0/include -MMD -MP -MF"src/helloworld.d" -MT"src/helloworld.d" -o "src/helloworld.o" "../src/helloworld.c"
'Finished building: ../src/helloworld.c'
' '
'Building file: ../src/platform.c'
'Invoking: ARM gcc compiler'
arm-xilinx-eabi-gcc -Wall -O0 -g3 -c -fmessage-length=0 -MT"src/platform.o" -I../../test_bsp/ps7_cortexa9_0/include -MMD -MP -MF"src/platform.d" -MT"src/platform.d" -o "src/platform.o" "../src/platform.c"
'Finished building: ../src/platform.c'
' '
'Building target: test.elf'
'Invoking: ARM gcc linker'
arm-xilinx-eabi-gcc -Wl,-T -Wl,../src/lscript.ld -L../../test_bsp/ps7_cortexa9_0/lib -o "test.elf"  ./src/helloworld.o ./src/platform.o   -Wl,--start-group,-lxil,-lgcc,-lc,--end-group
'Finished building target: test.elf'
' '
'Invoking: ARM Print Size'
arm-xilinx-eabi-size test.elf  |tee "test.elf.size"
   text	   data	    bss	    dec	    hex	filename
  22888	   1152	  22564	  46604	   b60c	test.elf
'Finished building: test.elf.size'
' '
15:34:41 **** Clean-only build of configuration Debug for project test ****
make clean 
rm -rf  ./src/helloworld.o ./src/platform.o  ./src/helloworld.d ./src/platform.d  test.elf.size  test.elf
' '
15:34:42 **** Incremental Build of configuration Debug for project test ****
make all 
'Building file: ../src/helloworld.c'
'Invoking: ARM gcc compiler'
arm-xilinx-eabi-gcc -Wall -O0 -g3 -c -fmessage-length=0 -MT"src/helloworld.o" -I../../test_bsp/ps7_cortexa9_0/include -MMD -MP -MF"src/helloworld.d" -MT"src/helloworld.d" -o "src/helloworld.o" "../src/helloworld.c"
'Finished building: ../src/helloworld.c'
' '
'Building file: ../src/platform.c'
'Invoking: ARM gcc compiler'
arm-xilinx-eabi-gcc -Wall -O0 -g3 -c -fmessage-length=0 -MT"src/platform.o" -I../../test_bsp/ps7_cortexa9_0/include -MMD -MP -MF"src/platform.d" -MT"src/platform.d" -o "src/platform.o" "../src/platform.c"
'Finished building: ../src/platform.c'
' '
'Building target: test.elf'
'Invoking: ARM gcc linker'
arm-xilinx-eabi-gcc -Wl,-T -Wl,../src/lscript.ld -L../../test_bsp/ps7_cortexa9_0/lib -o "test.elf"  ./src/helloworld.o ./src/platform.o   -Wl,--start-group,-lxil,-lgcc,-lc,--end-group
'Finished building target: test.elf'
' '
'Invoking: ARM Print Size'
arm-xilinx-eabi-size test.elf  |tee "test.elf.size"
   text	   data	    bss	    dec	    hex	filename
  22888	   1152	  22564	  46604	   b60c	test.elf
'Finished building: test.elf.size'
' '
15:35:30 **** Build of project FIFO_Test_bsp ****
make -k all 
"Running Make include in ps7_cortexa9_0/libsrc/axidma_v9_0/src"
make -C ps7_cortexa9_0/libsrc/axidma_v9_0/src -s include  "SHELL=CMD" "COMPILER=arm-xilinx-eabi-gcc" "ARCHIVER=arm-xilinx-eabi-ar" "COMPILER_FLAGS=  -O2 -c" "EXTRA_COMPILER_FLAGS=-g"
"Running Make include in ps7_cortexa9_0/libsrc/coresightps_dcc_v1_2/src"
make -C ps7_cortexa9_0/libsrc/coresightps_dcc_v1_2/src -s include  "SHELL=CMD" "COMPILER=arm-xilinx-eabi-gcc" "ARCHIVER=arm-xilinx-eabi-ar" "COMPILER_FLAGS=  -O2 -c" "EXTRA_COMPILER_FLAGS=-g"
"Running Make include in ps7_cortexa9_0/libsrc/cpu_cortexa9_v2_1/src"
make -C ps7_cortexa9_0/libsrc/cpu_cortexa9_v2_1/src -s include  "SHELL=CMD" "COMPILER=arm-xilinx-eabi-gcc" "ARCHIVER=arm-xilinx-eabi-ar" "COMPILER_FLAGS=  -O2 -c" "EXTRA_COMPILER_FLAGS=-g"
"Running Make include in ps7_cortexa9_0/libsrc/ddrps_v1_0/src"
make -C ps7_cortexa9_0/libsrc/ddrps_v1_0/src -s include  "SHELL=CMD" "COMPILER=arm-xilinx-eabi-gcc" "ARCHIVER=arm-xilinx-eabi-ar" "COMPILER_FLAGS=  -O2 -c" "EXTRA_COMPILER_FLAGS=-g"
"Running Make include in ps7_cortexa9_0/libsrc/devcfg_v3_3/src"
make -C ps7_cortexa9_0/libsrc/devcfg_v3_3/src -s include  "SHELL=CMD" "COMPILER=arm-xilinx-eabi-gcc" "ARCHIVER=arm-xilinx-eabi-ar" "COMPILER_FLAGS=  -O2 -c" "EXTRA_COMPILER_FLAGS=-g"
"Running Make include in ps7_cortexa9_0/libsrc/dmaps_v2_1/src"
make -C ps7_cortexa9_0/libsrc/dmaps_v2_1/src -s include  "SHELL=CMD" "COMPILER=arm-xilinx-eabi-gcc" "ARCHIVER=arm-xilinx-eabi-ar" "COMPILER_FLAGS=  -O2 -c" "EXTRA_COMPILER_FLAGS=-g"
"Running Make include in ps7_cortexa9_0/libsrc/gpio_v4_0/src"
make -C ps7_cortexa9_0/libsrc/gpio_v4_0/src -s include  "SHELL=CMD" "COMPILER=arm-xilinx-eabi-gcc" "ARCHIVER=arm-xilinx-eabi-ar" "COMPILER_FLAGS=  -O2 -c" "EXTRA_COMPILER_FLAGS=-g"
"Running Make include in ps7_cortexa9_0/libsrc/scugic_v3_1/src"
make -C ps7_cortexa9_0/libsrc/scugic_v3_1/src -s include  "SHELL=CMD" "COMPILER=arm-xilinx-eabi-gcc" "ARCHIVER=arm-xilinx-eabi-ar" "COMPILER_FLAGS=  -O2 -c" "EXTRA_COMPILER_FLAGS=-g"
"Running Make include in ps7_cortexa9_0/libsrc/scutimer_v2_1/src"
make -C ps7_cortexa9_0/libsrc/scutimer_v2_1/src -s include  "SHELL=CMD" "COMPILER=arm-xilinx-eabi-gcc" "ARCHIVER=arm-xilinx-eabi-ar" "COMPILER_FLAGS=  -O2 -c" "EXTRA_COMPILER_FLAGS=-g"
"Running Make include in ps7_cortexa9_0/libsrc/scuwdt_v2_1/src"
make -C ps7_cortexa9_0/libsrc/scuwdt_v2_1/src -s include  "SHELL=CMD" "COMPILER=arm-xilinx-eabi-gcc" "ARCHIVER=arm-xilinx-eabi-ar" "COMPILER_FLAGS=  -O2 -c" "EXTRA_COMPILER_FLAGS=-g"
"Running Make include in ps7_cortexa9_0/libsrc/standalone_v5_3/src"
make -C ps7_cortexa9_0/libsrc/standalone_v5_3/src -s include  "SHELL=CMD" "COMPILER=arm-xilinx-eabi-gcc" "ARCHIVER=arm-xilinx-eabi-ar" "COMPILER_FLAGS=  -O2 -c" "EXTRA_COMPILER_FLAGS=-g"
"Running Make include in ps7_cortexa9_0/libsrc/uartps_v3_1/src"
make -C ps7_cortexa9_0/libsrc/uartps_v3_1/src -s include  "SHELL=CMD" "COMPILER=arm-xilinx-eabi-gcc" "ARCHIVER=arm-xilinx-eabi-ar" "COMPILER_FLAGS=  -O2 -c" "EXTRA_COMPILER_FLAGS=-g"
"Running Make include in ps7_cortexa9_0/libsrc/xadcps_v2_2/src"
make -C ps7_cortexa9_0/libsrc/xadcps_v2_2/src -s include  "SHELL=CMD" "COMPILER=arm-xilinx-eabi-gcc" "ARCHIVER=arm-xilinx-eabi-ar" "COMPILER_FLAGS=  -O2 -c" "EXTRA_COMPILER_FLAGS=-g"
"Running Make libs in ps7_cortexa9_0/libsrc/axidma_v9_0/src"
make -C ps7_cortexa9_0/libsrc/axidma_v9_0/src -s libs  "SHELL=CMD" "COMPILER=arm-xilinx-eabi-gcc" "ARCHIVER=arm-xilinx-eabi-ar" "COMPILER_FLAGS=  -O2 -c" "EXTRA_COMPILER_FLAGS=-g"
"Compiling axidma"
In file included from xaxidma.h:470:0,
                 from xaxidma.c:83:
xaxidma.c: In function 'XAxiDma_Reset':
xaxidma_bdring.h:238:26: warning: assignment makes pointer from integer without a cast
    (RingPtr)->BdaRestart =      \
                          ^
xaxidma.c:313:3: note: in expansion of macro 'XAxiDma_BdRingSnapShotCurrBd'
   XAxiDma_BdRingSnapShotCurrBd(TxRingPtr);
   ^
xaxidma_bdring.h:243:27: warning: assignment makes pointer from integer without a cast
     (RingPtr)->BdaRestart =     \
                           ^
xaxidma.c:313:3: note: in expansion of macro 'XAxiDma_BdRingSnapShotCurrBd'
   XAxiDma_BdRingSnapShotCurrBd(TxRingPtr);
   ^
xaxidma_bdring.h:248:27: warning: assignment makes pointer from integer without a cast
     (RingPtr)->BdaRestart =     \
                           ^
xaxidma.c:313:3: note: in expansion of macro 'XAxiDma_BdRingSnapShotCurrBd'
   XAxiDma_BdRingSnapShotCurrBd(TxRingPtr);
   ^
xaxidma_bdring.h:238:26: warning: assignment makes pointer from integer without a cast
    (RingPtr)->BdaRestart =      \
                          ^
xaxidma.c:319:4: note: in expansion of macro 'XAxiDma_BdRingSnapShotCurrBd'
    XAxiDma_BdRingSnapShotCurrBd(RxRingPtr);
    ^
xaxidma_bdring.h:243:27: warning: assignment makes pointer from integer without a cast
     (RingPtr)->BdaRestart =     \
                           ^
xaxidma.c:319:4: note: in expansion of macro 'XAxiDma_BdRingSnapShotCurrBd'
    XAxiDma_BdRingSnapShotCurrBd(RxRingPtr);
    ^
xaxidma_bdring.h:248:27: warning: assignment makes pointer from integer without a cast
     (RingPtr)->BdaRestart =     \
                           ^
xaxidma.c:319:4: note: in expansion of macro 'XAxiDma_BdRingSnapShotCurrBd'
    XAxiDma_BdRingSnapShotCurrBd(RxRingPtr);
    ^
arm-xilinx-eabi-ar: creating ../../../lib/libxil.a
"Running Make libs in ps7_cortexa9_0/libsrc/coresightps_dcc_v1_2/src"
make -C ps7_cortexa9_0/libsrc/coresightps_dcc_v1_2/src -s libs  "SHELL=CMD" "COMPILER=arm-xilinx-eabi-gcc" "ARCHIVER=arm-xilinx-eabi-ar" "COMPILER_FLAGS=  -O2 -c" "EXTRA_COMPILER_FLAGS=-g"
"Compiling coresightps_dcc"
"Running Make libs in ps7_cortexa9_0/libsrc/cpu_cortexa9_v2_1/src"
make -C ps7_cortexa9_0/libsrc/cpu_cortexa9_v2_1/src -s libs  "SHELL=CMD" "COMPILER=arm-xilinx-eabi-gcc" "ARCHIVER=arm-xilinx-eabi-ar" "COMPILER_FLAGS=  -O2 -c" "EXTRA_COMPILER_FLAGS=-g"
"Compiling cpu_cortexa9"
"Running Make libs in ps7_cortexa9_0/libsrc/ddrps_v1_0/src"
make -C ps7_cortexa9_0/libsrc/ddrps_v1_0/src -s libs  "SHELL=CMD" "COMPILER=arm-xilinx-eabi-gcc" "ARCHIVER=arm-xilinx-eabi-ar" "COMPILER_FLAGS=  -O2 -c" "EXTRA_COMPILER_FLAGS=-g"
"Compiling ddrps"
"Running Make libs in ps7_cortexa9_0/libsrc/devcfg_v3_3/src"
make -C ps7_cortexa9_0/libsrc/devcfg_v3_3/src -s libs  "SHELL=CMD" "COMPILER=arm-xilinx-eabi-gcc" "ARCHIVER=arm-xilinx-eabi-ar" "COMPILER_FLAGS=  -O2 -c" "EXTRA_COMPILER_FLAGS=-g"
"Compiling devcfg"
"Running Make libs in ps7_cortexa9_0/libsrc/dmaps_v2_1/src"
make -C ps7_cortexa9_0/libsrc/dmaps_v2_1/src -s libs  "SHELL=CMD" "COMPILER=arm-xilinx-eabi-gcc" "ARCHIVER=arm-xilinx-eabi-ar" "COMPILER_FLAGS=  -O2 -c" "EXTRA_COMPILER_FLAGS=-g"
"Compiling dmaps"
"Running Make libs in ps7_cortexa9_0/libsrc/gpio_v4_0/src"
make -C ps7_cortexa9_0/libsrc/gpio_v4_0/src -s libs  "SHELL=CMD" "COMPILER=arm-xilinx-eabi-gcc" "ARCHIVER=arm-xilinx-eabi-ar" "COMPILER_FLAGS=  -O2 -c" "EXTRA_COMPILER_FLAGS=-g"
"Compiling gpio"
"Running Make libs in ps7_cortexa9_0/libsrc/scugic_v3_1/src"
make -C ps7_cortexa9_0/libsrc/scugic_v3_1/src -s libs  "SHELL=CMD" "COMPILER=arm-xilinx-eabi-gcc" "ARCHIVER=arm-xilinx-eabi-ar" "COMPILER_FLAGS=  -O2 -c" "EXTRA_COMPILER_FLAGS=-g"
"Compiling scugic"
"Running Make libs in ps7_cortexa9_0/libsrc/scutimer_v2_1/src"
make -C ps7_cortexa9_0/libsrc/scutimer_v2_1/src -s libs  "SHELL=CMD" "COMPILER=arm-xilinx-eabi-gcc" "ARCHIVER=arm-xilinx-eabi-ar" "COMPILER_FLAGS=  -O2 -c" "EXTRA_COMPILER_FLAGS=-g"
"Compiling scutimer"
"Running Make libs in ps7_cortexa9_0/libsrc/scuwdt_v2_1/src"
make -C ps7_cortexa9_0/libsrc/scuwdt_v2_1/src -s libs  "SHELL=CMD" "COMPILER=arm-xilinx-eabi-gcc" "ARCHIVER=arm-xilinx-eabi-ar" "COMPILER_FLAGS=  -O2 -c" "EXTRA_COMPILER_FLAGS=-g"
"Compiling scuwdt"
"Running Make libs in ps7_cortexa9_0/libsrc/standalone_v5_3/src"
make -C ps7_cortexa9_0/libsrc/standalone_v5_3/src -s libs  "SHELL=CMD" "COMPILER=arm-xilinx-eabi-gcc" "ARCHIVER=arm-xilinx-eabi-ar" "COMPILER_FLAGS=  -O2 -c" "EXTRA_COMPILER_FLAGS=-g"
"Compiling standalone"
"Running Make libs in ps7_cortexa9_0/libsrc/uartps_v3_1/src"
make -C ps7_cortexa9_0/libsrc/uartps_v3_1/src -s libs  "SHELL=CMD" "COMPILER=arm-xilinx-eabi-gcc" "ARCHIVER=arm-xilinx-eabi-ar" "COMPILER_FLAGS=  -O2 -c" "EXTRA_COMPILER_FLAGS=-g"
"Compiling uartps"
"Running Make libs in ps7_cortexa9_0/libsrc/xadcps_v2_2/src"
make -C ps7_cortexa9_0/libsrc/xadcps_v2_2/src -s libs  "SHELL=CMD" "COMPILER=arm-xilinx-eabi-gcc" "ARCHIVER=arm-xilinx-eabi-ar" "COMPILER_FLAGS=  -O2 -c" "EXTRA_COMPILER_FLAGS=-g"
"Compiling xadcps"
'Finished building libraries'

**** Build of configuration Debug for project FIFO_Test ****

Nothing to build for project FIFO_Test
15:37:27 **** Auto Build of configuration Debug for project FIFO_Test ****
make all 
'Building file: ../src/OLED.c'
'Invoking: ARM gcc compiler'
arm-xilinx-eabi-gcc -Wall -O0 -g3 -c -fmessage-length=0 -MT"src/OLED.o" -I../../FIFO_Test_bsp/ps7_cortexa9_0/include -MMD -MP -MF"src/OLED.d" -MT"src/OLED.d" -o "src/OLED.o" "../src/OLED.c"
../src/OLED.c: In function 'oled_fresh_en':
../src/OLED.c:8:19: error: 'XPAR_SSD1306_OLED_ML_0_BASEADDR' undeclared (first use in this function)
 #define OLED_BASE XPAR_SSD1306_OLED_ML_0_BASEADDR
                   ^
../src/OLED.c:57:12: note: in expansion of macro 'OLED_BASE'
  Xil_Out32(OLED_BASE+64, 1);
            ^
../src/OLED.c:8:19: note: each undeclared identifier is reported only once for each function it appears in
 #define OLED_BASE XPAR_SSD1306_OLED_ML_0_BASEADDR
                   ^
../src/OLED.c:57:12: note: in expansion of macro 'OLED_BASE'
  Xil_Out32(OLED_BASE+64, 1);
            ^
../src/OLED.c: In function 'print_message':
../src/OLED.c:70:10: warning: assignment from incompatible pointer type
  oledbyte=&char_pointer;
          ^
../src/OLED.c:8:19: error: 'XPAR_SSD1306_OLED_ML_0_BASEADDR' undeclared (first use in this function)
 #define OLED_BASE XPAR_SSD1306_OLED_ML_0_BASEADDR
                   ^
../src/OLED.c:71:12: note: in expansion of macro 'OLED_BASE'
  Xil_Out32(OLED_BASE+0+16*page,oledbyte[0]);
            ^
make: *** [src/OLED.o] ´íÎó 1
15:37:42 **** Clean-only build of configuration Debug for project FIFO_Test ****
make clean 
rm -rf  ./src/OLED.o ./src/dma_intr.o ./src/main.o ./src/sys_intr.o ./src/timer_intr.o  ./src/OLED.d ./src/dma_intr.d ./src/main.d ./src/sys_intr.d ./src/timer_intr.d  FIFO_Test.elf.size  FIFO_Test.elf
' '
15:37:43 **** Auto Build of configuration Debug for project FIFO_Test ****
make all 
'Building file: ../src/dma_intr.c'
'Invoking: ARM gcc compiler'
arm-xilinx-eabi-gcc -Wall -O0 -g3 -c -fmessage-length=0 -MT"src/dma_intr.o" -I../../FIFO_Test_bsp/ps7_cortexa9_0/include -MMD -MP -MF"src/dma_intr.d" -MT"src/dma_intr.d" -o "src/dma_intr.o" "../src/dma_intr.c"
'Finished building: ../src/dma_intr.c'
' '
'Building file: ../src/main.c'
'Invoking: ARM gcc compiler'
arm-xilinx-eabi-gcc -Wall -O0 -g3 -c -fmessage-length=0 -MT"src/main.o" -I../../FIFO_Test_bsp/ps7_cortexa9_0/include -MMD -MP -MF"src/main.d" -MT"src/main.d" -o "src/main.o" "../src/main.c"
../src/main.c:16:18: fatal error: OLED.h: No such file or directory
 #include "OLED.h"
                  ^
compilation terminated.
make: *** [src/main.o] ´íÎó 1
15:38:27 **** Auto Build of configuration Debug for project FIFO_Test ****
make all 
'Building file: ../src/main.c'
'Invoking: ARM gcc compiler'
arm-xilinx-eabi-gcc -Wall -O0 -g3 -c -fmessage-length=0 -MT"src/main.o" -I../../FIFO_Test_bsp/ps7_cortexa9_0/include -MMD -MP -MF"src/main.d" -MT"src/main.d" -o "src/main.o" "../src/main.c"
../src/main.c: In function 'axi_dma_test':
../src/main.c:52:10: error: 'oled_str' undeclared (first use in this function)
  sprintf(oled_str,"PKT_LEN=%d",MAX_PKT_LEN);
          ^
../src/main.c:52:10: note: each undeclared identifier is reported only once for each function it appears in
../src/main.c:112:4: warning: implicit declaration of function 'print_message' [-Wimplicit-function-declaration]
    print_message(oled_str,1);
    ^
../src/main.c:137:2: warning: implicit declaration of function 'DMA_DisableIntrSystem' [-Wimplicit-function-declaration]
  DMA_DisableIntrSystem(&Intc, TX_INTR_ID, RX_INTR_ID);
  ^
In file included from ../src/main.c:12:0:
../src/dma_intr.h:25:21: error: 'XPAR_FABRIC_AXI_DMA_0_MM2S_INTROUT_INTR' undeclared (first use in this function)
 #define TX_INTR_ID  XPAR_FABRIC_AXI_DMA_0_MM2S_INTROUT_INTR
                     ^
../src/main.c:137:31: note: in expansion of macro 'TX_INTR_ID'
  DMA_DisableIntrSystem(&Intc, TX_INTR_ID, RX_INTR_ID);
                               ^
../src/main.c: In function 'init_intr_sys':
../src/main.c:150:2: warning: implicit declaration of function 'Setup_Intr_Exception' [-Wimplicit-function-declaration]
  Setup_Intr_Exception(&Intc);
  ^
In file included from ../src/main.c:12:0:
../src/dma_intr.h:25:21: error: 'XPAR_FABRIC_AXI_DMA_0_MM2S_INTROUT_INTR' undeclared (first use in this function)
 #define TX_INTR_ID  XPAR_FABRIC_AXI_DMA_0_MM2S_INTROUT_INTR
                     ^
../src/main.c:151:38: note: in expansion of macro 'TX_INTR_ID'
  DMA_Setup_Intr_System(&Intc,&AxiDma,TX_INTR_ID,RX_INTR_ID);//setup dma interrpt system
                                      ^
../src/main.c: In function 'main':
../src/main.c:163:2: warning: implicit declaration of function 'oled_fresh_en' [-Wimplicit-function-declaration]
  oled_fresh_en();// enable oled
  ^
../src/main.c: In function 'init_intr_sys':
../src/main.c:155:1: warning: control reaches end of non-void function [-Wreturn-type]
 }
 ^
../src/main.c: In function 'main':
../src/main.c:166:1: warning: control reaches end of non-void function [-Wreturn-type]
 }
 ^
make: *** [src/main.o] ´íÎó 1
15:38:37 **** Auto Build of configuration Debug for project FIFO_Test ****
make all 
'Building file: ../src/main.c'
'Invoking: ARM gcc compiler'
arm-xilinx-eabi-gcc -Wall -O0 -g3 -c -fmessage-length=0 -MT"src/main.o" -I../../FIFO_Test_bsp/ps7_cortexa9_0/include -MMD -MP -MF"src/main.d" -MT"src/main.d" -o "src/main.o" "../src/main.c"
../src/main.c: In function 'axi_dma_test':
../src/main.c:52:10: error: 'oled_str' undeclared (first use in this function)
  sprintf(oled_str,"PKT_LEN=%d",MAX_PKT_LEN);
          ^
../src/main.c:52:10: note: each undeclared identifier is reported only once for each function it appears in
../src/main.c:112:4: warning: implicit declaration of function 'print_message' [-Wimplicit-function-declaration]
    print_message(oled_str,1);
    ^
../src/main.c:137:2: warning: implicit declaration of function 'DMA_DisableIntrSystem' [-Wimplicit-function-declaration]
  DMA_DisableIntrSystem(&Intc, TX_INTR_ID, RX_INTR_ID);
  ^
In file included from ../src/main.c:12:0:
../src/dma_intr.h:25:21: error: 'XPAR_FABRIC_AXI_DMA_0_MM2S_INTROUT_INTR' undeclared (first use in this function)
 #define TX_INTR_ID  XPAR_FABRIC_AXI_DMA_0_MM2S_INTROUT_INTR
                     ^
../src/main.c:137:31: note: in expansion of macro 'TX_INTR_ID'
  DMA_DisableIntrSystem(&Intc, TX_INTR_ID, RX_INTR_ID);
                               ^
../src/main.c: In function 'init_intr_sys':
../src/main.c:150:2: warning: implicit declaration of function 'Setup_Intr_Exception' [-Wimplicit-function-declaration]
  Setup_Intr_Exception(&Intc);
  ^
In file included from ../src/main.c:12:0:
../src/dma_intr.h:25:21: error: 'XPAR_FABRIC_AXI_DMA_0_MM2S_INTROUT_INTR' undeclared (first use in this function)
 #define TX_INTR_ID  XPAR_FABRIC_AXI_DMA_0_MM2S_INTROUT_INTR
                     ^
../src/main.c:151:38: note: in expansion of macro 'TX_INTR_ID'
  DMA_Setup_Intr_System(&Intc,&AxiDma,TX_INTR_ID,RX_INTR_ID);//setup dma interrpt system
                                      ^
../src/main.c:155:1: warning: control reaches end of non-void function [-Wreturn-type]
 }
 ^
../src/main.c: In function 'main':
../src/main.c:165:1: warning: control reaches end of non-void function [-Wreturn-type]
 }
 ^
make: *** [src/main.o] ´íÎó 1
15:39:01 **** Auto Build of configuration Debug for project FIFO_Test ****
make all 
'Building file: ../src/main.c'
'Invoking: ARM gcc compiler'
arm-xilinx-eabi-gcc -Wall -O0 -g3 -c -fmessage-length=0 -MT"src/main.o" -I../../FIFO_Test_bsp/ps7_cortexa9_0/include -MMD -MP -MF"src/main.d" -MT"src/main.d" -o "src/main.o" "../src/main.c"
../src/main.c: In function 'axi_dma_test':
../src/main.c:107:4: warning: format '%d' expects argument of type 'int', but argument 3 has type 'u32' [-Wformat=]
    sprintf(oled_str,"RX=%d",RX_success);
    ^
../src/main.c:107:4: warning: format '%d' expects argument of type 'int', but argument 3 has type 'u32' [-Wformat=]
../src/main.c:114:4: warning: implicit declaration of function 'print_message' [-Wimplicit-function-declaration]
    print_message(oled_str,1);
    ^
../src/main.c:116:4: warning: format '%d' expects argument of type 'int', but argument 3 has type 'u32' [-Wformat=]
    sprintf(oled_str,"TX=%d",TX_success);
    ^
../src/main.c:116:4: warning: format '%d' expects argument of type 'int', but argument 3 has type 'u32' [-Wformat=]
../src/main.c:139:2: warning: implicit declaration of function 'DMA_DisableIntrSystem' [-Wimplicit-function-declaration]
  DMA_DisableIntrSystem(&Intc, TX_INTR_ID, RX_INTR_ID);
  ^
In file included from ../src/main.c:12:0:
../src/dma_intr.h:25:21: error: 'XPAR_FABRIC_AXI_DMA_0_MM2S_INTROUT_INTR' undeclared (first use in this function)
 #define TX_INTR_ID  XPAR_FABRIC_AXI_DMA_0_MM2S_INTROUT_INTR
                     ^
../src/main.c:139:31: note: in expansion of macro 'TX_INTR_ID'
  DMA_DisableIntrSystem(&Intc, TX_INTR_ID, RX_INTR_ID);
                               ^
../src/dma_intr.h:25:21: note: each undeclared identifier is reported only once for each function it appears in
 #define TX_INTR_ID  XPAR_FABRIC_AXI_DMA_0_MM2S_INTROUT_INTR
                     ^
../src/main.c:139:31: note: in expansion of macro 'TX_INTR_ID'
  DMA_DisableIntrSystem(&Intc, TX_INTR_ID, RX_INTR_ID);
                               ^
../src/main.c: In function 'init_intr_sys':
../src/main.c:152:2: warning: implicit declaration of function 'Setup_Intr_Exception' [-Wimplicit-function-declaration]
  Setup_Intr_Exception(&Intc);
  ^
In file included from ../src/main.c:12:0:
../src/dma_intr.h:25:21: error: 'XPAR_FABRIC_AXI_DMA_0_MM2S_INTROUT_INTR' undeclared (first use in this function)
 #define TX_INTR_ID  XPAR_FABRIC_AXI_DMA_0_MM2S_INTROUT_INTR
                     ^
../src/main.c:153:38: note: in expansion of macro 'TX_INTR_ID'
  DMA_Setup_Intr_System(&Intc,&AxiDma,TX_INTR_ID,RX_INTR_ID);//setup dma interrpt system
                                      ^
../src/main.c:157:1: warning: control reaches end of non-void function [-Wreturn-type]
 }
 ^
../src/main.c: In function 'main':
../src/main.c:167:1: warning: control reaches end of non-void function [-Wreturn-type]
 }
 ^
make: *** [src/main.o] ´íÎó 1
15:39:48 **** Auto Build of configuration Debug for project FIFO_Test ****
make all 
'Building file: ../src/dma_intr.c'
'Invoking: ARM gcc compiler'
arm-xilinx-eabi-gcc -Wall -O0 -g3 -c -fmessage-length=0 -MT"src/dma_intr.o" -I../../FIFO_Test_bsp/ps7_cortexa9_0/include -MMD -MP -MF"src/dma_intr.d" -MT"src/dma_intr.d" -o "src/dma_intr.o" "../src/dma_intr.c"
'Finished building: ../src/dma_intr.c'
' '
'Building file: ../src/main.c'
'Invoking: ARM gcc compiler'
arm-xilinx-eabi-gcc -Wall -O0 -g3 -c -fmessage-length=0 -MT"src/main.o" -I../../FIFO_Test_bsp/ps7_cortexa9_0/include -MMD -MP -MF"src/main.d" -MT"src/main.d" -o "src/main.o" "../src/main.c"
../src/main.c: In function 'axi_dma_test':
../src/main.c:107:4: warning: format '%d' expects argument of type 'int', but argument 3 has type 'u32' [-Wformat=]
    sprintf(oled_str,"RX=%d",RX_success);
    ^
../src/main.c:107:4: warning: format '%d' expects argument of type 'int', but argument 3 has type 'u32' [-Wformat=]
../src/main.c:114:4: warning: implicit declaration of function 'print_message' [-Wimplicit-function-declaration]
    print_message(oled_str,1);
    ^
../src/main.c:116:4: warning: format '%d' expects argument of type 'int', but argument 3 has type 'u32' [-Wformat=]
    sprintf(oled_str,"TX=%d",TX_success);
    ^
../src/main.c:116:4: warning: format '%d' expects argument of type 'int', but argument 3 has type 'u32' [-Wformat=]
../src/main.c:139:2: warning: implicit declaration of function 'DMA_DisableIntrSystem' [-Wimplicit-function-declaration]
  DMA_DisableIntrSystem(&Intc, TX_INTR_ID, RX_INTR_ID);
  ^
../src/main.c: In function 'init_intr_sys':
../src/main.c:152:2: warning: implicit declaration of function 'Setup_Intr_Exception' [-Wimplicit-function-declaration]
  Setup_Intr_Exception(&Intc);
  ^
../src/main.c:157:1: warning: control reaches end of non-void function [-Wreturn-type]
 }
 ^
../src/main.c: In function 'main':
../src/main.c:167:1: warning: control reaches end of non-void function [-Wreturn-type]
 }
 ^
'Finished building: ../src/main.c'
' '
'Building file: ../src/sys_intr.c'
'Invoking: ARM gcc compiler'
arm-xilinx-eabi-gcc -Wall -O0 -g3 -c -fmessage-length=0 -MT"src/sys_intr.o" -I../../FIFO_Test_bsp/ps7_cortexa9_0/include -MMD -MP -MF"src/sys_intr.d" -MT"src/sys_intr.d" -o "src/sys_intr.o" "../src/sys_intr.c"
'Finished building: ../src/sys_intr.c'
' '
'Building file: ../src/timer_intr.c'
'Invoking: ARM gcc compiler'
arm-xilinx-eabi-gcc -Wall -O0 -g3 -c -fmessage-length=0 -MT"src/timer_intr.o" -I../../FIFO_Test_bsp/ps7_cortexa9_0/include -MMD -MP -MF"src/timer_intr.d" -MT"src/timer_intr.d" -o "src/timer_intr.o" "../src/timer_intr.c"
'Finished building: ../src/timer_intr.c'
' '
'Building target: FIFO_Test.elf'
'Invoking: ARM gcc linker'
arm-xilinx-eabi-gcc -Wl,-T -Wl,../src/lscript.ld -L../../FIFO_Test_bsp/ps7_cortexa9_0/lib -o "FIFO_Test.elf"  ./src/dma_intr.o ./src/main.o ./src/sys_intr.o ./src/timer_intr.o   -Wl,--start-group,-lxil,-lgcc,-lc,--end-group
./src/main.o: In function `axi_dma_test':
C:\Users\yaris\Desktop\project\AXI_FIFO\AXI_FIFO.sdk\FIFO_Test\Debug/../src/main.c:114: undefined reference to `print_message'
C:\Users\yaris\Desktop\project\AXI_FIFO\AXI_FIFO.sdk\FIFO_Test\Debug/../src/main.c:142: undefined reference to `print_message'
collect2.exe: error: ld returned 1 exit status
make: *** [FIFO_Test.elf] ´íÎó 1
15:41:34 **** Auto Build of configuration Debug for project FIFO_Test ****
make all 
'Building file: ../src/main.c'
'Invoking: ARM gcc compiler'
arm-xilinx-eabi-gcc -Wall -O0 -g3 -c -fmessage-length=0 -MT"src/main.o" -I../../FIFO_Test_bsp/ps7_cortexa9_0/include -MMD -MP -MF"src/main.d" -MT"src/main.d" -o "src/main.o" "../src/main.c"
../src/main.c: In function 'axi_dma_test':
../src/main.c:108:4: warning: format '%d' expects argument of type 'int', but argument 3 has type 'u32' [-Wformat=]
    sprintf(oled_str,"RX=%d",RX_success);
    ^
../src/main.c:108:4: warning: format '%d' expects argument of type 'int', but argument 3 has type 'u32' [-Wformat=]
../src/main.c:115:4: warning: implicit declaration of function 'print_message' [-Wimplicit-function-declaration]
    print_message(oled_str,1);
    ^
../src/main.c:117:4: warning: format '%d' expects argument of type 'int', but argument 3 has type 'u32' [-Wformat=]
    sprintf(oled_str,"TX=%d",TX_success);
    ^
../src/main.c:117:4: warning: format '%d' expects argument of type 'int', but argument 3 has type 'u32' [-Wformat=]
../src/main.c:140:2: warning: implicit declaration of function 'DMA_DisableIntrSystem' [-Wimplicit-function-declaration]
  DMA_DisableIntrSystem(&Intc, TX_INTR_ID, RX_INTR_ID);
  ^
../src/main.c: In function 'init_intr_sys':
../src/main.c:153:2: warning: implicit declaration of function 'Setup_Intr_Exception' [-Wimplicit-function-declaration]
  Setup_Intr_Exception(&Intc);
  ^
../src/main.c:158:1: warning: control reaches end of non-void function [-Wreturn-type]
 }
 ^
../src/main.c: In function 'main':
../src/main.c:168:1: warning: control reaches end of non-void function [-Wreturn-type]
 }
 ^
'Finished building: ../src/main.c'
' '
'Building target: FIFO_Test.elf'
'Invoking: ARM gcc linker'
arm-xilinx-eabi-gcc -Wl,-T -Wl,../src/lscript.ld -L../../FIFO_Test_bsp/ps7_cortexa9_0/lib -o "FIFO_Test.elf"  ./src/dma_intr.o ./src/main.o ./src/sys_intr.o ./src/timer_intr.o   -Wl,--start-group,-lxil,-lgcc,-lc,--end-group
./src/main.o: In function `axi_dma_test':
C:\Users\yaris\Desktop\project\AXI_FIFO\AXI_FIFO.sdk\FIFO_Test\Debug/../src/main.c:115: undefined reference to `print_message'
C:\Users\yaris\Desktop\project\AXI_FIFO\AXI_FIFO.sdk\FIFO_Test\Debug/../src/main.c:143: undefined reference to `print_message'
collect2.exe: error: ld returned 1 exit status
make: *** [FIFO_Test.elf] ´íÎó 1
15:41:46 **** Auto Build of configuration Debug for project FIFO_Test ****
make all 
'Building file: ../src/main.c'
'Invoking: ARM gcc compiler'
arm-xilinx-eabi-gcc -Wall -O0 -g3 -c -fmessage-length=0 -MT"src/main.o" -I../../FIFO_Test_bsp/ps7_cortexa9_0/include -MMD -MP -MF"src/main.d" -MT"src/main.d" -o "src/main.o" "../src/main.c"
../src/main.c: In function 'axi_dma_test':
../src/main.c:108:4: warning: format '%d' expects argument of type 'int', but argument 3 has type 'u32' [-Wformat=]
    sprintf(oled_str,"RX=%d",RX_success);
    ^
../src/main.c:108:4: warning: format '%d' expects argument of type 'int', but argument 3 has type 'u32' [-Wformat=]
../src/main.c:116:4: warning: format '%d' expects argument of type 'int', but argument 3 has type 'u32' [-Wformat=]
    sprintf(oled_str,"TX=%d",TX_success);
    ^
../src/main.c:116:4: warning: format '%d' expects argument of type 'int', but argument 3 has type 'u32' [-Wformat=]
../src/main.c:139:2: warning: implicit declaration of function 'DMA_DisableIntrSystem' [-Wimplicit-function-declaration]
  DMA_DisableIntrSystem(&Intc, TX_INTR_ID, RX_INTR_ID);
  ^
../src/main.c:142:2: warning: implicit declaration of function 'print_message' [-Wimplicit-function-declaration]
  print_message("--Exiting Test---",3);
  ^
../src/main.c: In function 'init_intr_sys':
../src/main.c:152:2: warning: implicit declaration of function 'Setup_Intr_Exception' [-Wimplicit-function-declaration]
  Setup_Intr_Exception(&Intc);
  ^
../src/main.c:157:1: warning: control reaches end of non-void function [-Wreturn-type]
 }
 ^
../src/main.c: In function 'main':
../src/main.c:167:1: warning: control reaches end of non-void function [-Wreturn-type]
 }
 ^
'Finished building: ../src/main.c'
' '
'Building target: FIFO_Test.elf'
'Invoking: ARM gcc linker'
arm-xilinx-eabi-gcc -Wl,-T -Wl,../src/lscript.ld -L../../FIFO_Test_bsp/ps7_cortexa9_0/lib -o "FIFO_Test.elf"  ./src/dma_intr.o ./src/main.o ./src/sys_intr.o ./src/timer_intr.o   -Wl,--start-group,-lxil,-lgcc,-lc,--end-group
./src/main.o: In function `axi_dma_test':
C:\Users\yaris\Desktop\project\AXI_FIFO\AXI_FIFO.sdk\FIFO_Test\Debug/../src/main.c:142: undefined reference to `print_message'
collect2.exe: error: ld returned 1 exit status
make: *** [FIFO_Test.elf] ´íÎó 1
15:41:55 **** Auto Build of configuration Debug for project FIFO_Test ****
make all 
'Building file: ../src/main.c'
'Invoking: ARM gcc compiler'
arm-xilinx-eabi-gcc -Wall -O0 -g3 -c -fmessage-length=0 -MT"src/main.o" -I../../FIFO_Test_bsp/ps7_cortexa9_0/include -MMD -MP -MF"src/main.d" -MT"src/main.d" -o "src/main.o" "../src/main.c"
../src/main.c: In function 'axi_dma_test':
../src/main.c:108:4: warning: format '%d' expects argument of type 'int', but argument 3 has type 'u32' [-Wformat=]
    sprintf(oled_str,"RX=%d",RX_success);
    ^
../src/main.c:108:4: warning: format '%d' expects argument of type 'int', but argument 3 has type 'u32' [-Wformat=]
../src/main.c:116:4: warning: format '%d' expects argument of type 'int', but argument 3 has type 'u32' [-Wformat=]
    sprintf(oled_str,"TX=%d",TX_success);
    ^
../src/main.c:116:4: warning: format '%d' expects argument of type 'int', but argument 3 has type 'u32' [-Wformat=]
../src/main.c:139:2: warning: implicit declaration of function 'DMA_DisableIntrSystem' [-Wimplicit-function-declaration]
  DMA_DisableIntrSystem(&Intc, TX_INTR_ID, RX_INTR_ID);
  ^
../src/main.c: In function 'init_intr_sys':
../src/main.c:151:2: warning: implicit declaration of function 'Setup_Intr_Exception' [-Wimplicit-function-declaration]
  Setup_Intr_Exception(&Intc);
  ^
../src/main.c:156:1: warning: control reaches end of non-void function [-Wreturn-type]
 }
 ^
../src/main.c: In function 'main':
../src/main.c:166:1: warning: control reaches end of non-void function [-Wreturn-type]
 }
 ^
'Finished building: ../src/main.c'
' '
'Building target: FIFO_Test.elf'
'Invoking: ARM gcc linker'
arm-xilinx-eabi-gcc -Wl,-T -Wl,../src/lscript.ld -L../../FIFO_Test_bsp/ps7_cortexa9_0/lib -o "FIFO_Test.elf"  ./src/dma_intr.o ./src/main.o ./src/sys_intr.o ./src/timer_intr.o   -Wl,--start-group,-lxil,-lgcc,-lc,--end-group
'Finished building target: FIFO_Test.elf'
' '
'Invoking: ARM Print Size'
arm-xilinx-eabi-size FIFO_Test.elf  |tee "FIFO_Test.elf.size"
   text	   data	    bss	    dec	    hex	filename
  69580	   3276	  24492	  97348	  17c44	FIFO_Test.elf
'Finished building: FIFO_Test.elf.size'
' '
15:42:16 **** Auto Build of configuration Debug for project FIFO_Test ****
make all 
'Building file: ../src/main.c'
'Invoking: ARM gcc compiler'
arm-xilinx-eabi-gcc -Wall -O0 -g3 -c -fmessage-length=0 -MT"src/main.o" -I../../FIFO_Test_bsp/ps7_cortexa9_0/include -MMD -MP -MF"src/main.d" -MT"src/main.d" -o "src/main.o" "../src/main.c"
../src/main.c: In function 'axi_dma_test':
../src/main.c:109:4: warning: format '%d' expects argument of type 'int', but argument 3 has type 'u32' [-Wformat=]
    sprintf(oled_str,"RX=%d",RX_success);
    ^
../src/main.c:109:4: warning: format '%d' expects argument of type 'int', but argument 3 has type 'u32' [-Wformat=]
../src/main.c:117:4: warning: format '%d' expects argument of type 'int', but argument 3 has type 'u32' [-Wformat=]
    sprintf(oled_str,"TX=%d",TX_success);
    ^
../src/main.c:117:4: warning: format '%d' expects argument of type 'int', but argument 3 has type 'u32' [-Wformat=]
../src/main.c:140:2: warning: implicit declaration of function 'DMA_DisableIntrSystem' [-Wimplicit-function-declaration]
  DMA_DisableIntrSystem(&Intc, TX_INTR_ID, RX_INTR_ID);
  ^
../src/main.c: In function 'init_intr_sys':
../src/main.c:152:2: warning: implicit declaration of function 'Setup_Intr_Exception' [-Wimplicit-function-declaration]
  Setup_Intr_Exception(&Intc);
  ^
../src/main.c: At top level:
../src/main.c:40:14: warning: 'L' defined but not used [-Wunused-variable]
 static XGpio L;
              ^
../src/main.c: In function 'init_intr_sys':
../src/main.c:157:1: warning: control reaches end of non-void function [-Wreturn-type]
 }
 ^
../src/main.c: In function 'main':
../src/main.c:169:1: warning: control reaches end of non-void function [-Wreturn-type]
 }
 ^
'Finished building: ../src/main.c'
' '
'Building target: FIFO_Test.elf'
'Invoking: ARM gcc linker'
arm-xilinx-eabi-gcc -Wl,-T -Wl,../src/lscript.ld -L../../FIFO_Test_bsp/ps7_cortexa9_0/lib -o "FIFO_Test.elf"  ./src/dma_intr.o ./src/main.o ./src/sys_intr.o ./src/timer_intr.o   -Wl,--start-group,-lxil,-lgcc,-lc,--end-group
'Finished building target: FIFO_Test.elf'
' '
'Invoking: ARM Print Size'
arm-xilinx-eabi-size FIFO_Test.elf  |tee "FIFO_Test.elf.size"
   text	   data	    bss	    dec	    hex	filename
  69644	   3276	  24508	  97428	  17c94	FIFO_Test.elf
'Finished building: FIFO_Test.elf.size'
' '
15:42:19 **** Auto Build of configuration Debug for project FIFO_Test ****
make all 
'Building file: ../src/main.c'
'Invoking: ARM gcc compiler'
arm-xilinx-eabi-gcc -Wall -O0 -g3 -c -fmessage-length=0 -MT"src/main.o" -I../../FIFO_Test_bsp/ps7_cortexa9_0/include -MMD -MP -MF"src/main.d" -MT"src/main.d" -o "src/main.o" "../src/main.c"
../src/main.c: In function 'axi_dma_test':
../src/main.c:109:4: warning: format '%d' expects argument of type 'int', but argument 3 has type 'u32' [-Wformat=]
    sprintf(oled_str,"RX=%d",RX_success);
    ^
../src/main.c:109:4: warning: format '%d' expects argument of type 'int', but argument 3 has type 'u32' [-Wformat=]
../src/main.c:117:4: warning: format '%d' expects argument of type 'int', but argument 3 has type 'u32' [-Wformat=]
    sprintf(oled_str,"TX=%d",TX_success);
    ^
../src/main.c:117:4: warning: format '%d' expects argument of type 'int', but argument 3 has type 'u32' [-Wformat=]
../src/main.c:140:2: warning: implicit declaration of function 'DMA_DisableIntrSystem' [-Wimplicit-function-declaration]
  DMA_DisableIntrSystem(&Intc, TX_INTR_ID, RX_INTR_ID);
  ^
../src/main.c: In function 'init_intr_sys':
../src/main.c:152:2: warning: implicit declaration of function 'Setup_Intr_Exception' [-Wimplicit-function-declaration]
  Setup_Intr_Exception(&Intc);
  ^
../src/main.c: At top level:
../src/main.c:40:14: warning: 'Led' defined but not used [-Wunused-variable]
 static XGpio Led;
              ^
../src/main.c: In function 'init_intr_sys':
../src/main.c:157:1: warning: control reaches end of non-void function [-Wreturn-type]
 }
 ^
../src/main.c: In function 'main':
../src/main.c:169:1: warning: control reaches end of non-void function [-Wreturn-type]
 }
 ^
'Finished building: ../src/main.c'
' '
'Building target: FIFO_Test.elf'
'Invoking: ARM gcc linker'
arm-xilinx-eabi-gcc -Wl,-T -Wl,../src/lscript.ld -L../../FIFO_Test_bsp/ps7_cortexa9_0/lib -o "FIFO_Test.elf"  ./src/dma_intr.o ./src/main.o ./src/sys_intr.o ./src/timer_intr.o   -Wl,--start-group,-lxil,-lgcc,-lc,--end-group
'Finished building target: FIFO_Test.elf'
' '
'Invoking: ARM Print Size'
arm-xilinx-eabi-size FIFO_Test.elf  |tee "FIFO_Test.elf.size"
   text	   data	    bss	    dec	    hex	filename
  69644	   3276	  24508	  97428	  17c94	FIFO_Test.elf
'Finished building: FIFO_Test.elf.size'
' '
15:42:31 **** Auto Build of configuration Debug for project FIFO_Test ****
make all 
'Building file: ../src/main.c'
'Invoking: ARM gcc compiler'
arm-xilinx-eabi-gcc -Wall -O0 -g3 -c -fmessage-length=0 -MT"src/main.o" -I../../FIFO_Test_bsp/ps7_cortexa9_0/include -MMD -MP -MF"src/main.d" -MT"src/main.d" -o "src/main.o" "../src/main.c"
../src/main.c: In function 'axi_dma_test':
../src/main.c:109:4: warning: format '%d' expects argument of type 'int', but argument 3 has type 'u32' [-Wformat=]
    sprintf(oled_str,"RX=%d",RX_success);
    ^
../src/main.c:109:4: warning: format '%d' expects argument of type 'int', but argument 3 has type 'u32' [-Wformat=]
../src/main.c:117:4: warning: format '%d' expects argument of type 'int', but argument 3 has type 'u32' [-Wformat=]
    sprintf(oled_str,"TX=%d",TX_success);
    ^
../src/main.c:117:4: warning: format '%d' expects argument of type 'int', but argument 3 has type 'u32' [-Wformat=]
../src/main.c:140:2: warning: implicit declaration of function 'DMA_DisableIntrSystem' [-Wimplicit-function-declaration]
  DMA_DisableIntrSystem(&Intc, TX_INTR_ID, RX_INTR_ID);
  ^
../src/main.c: In function 'init_intr_sys':
../src/main.c:152:2: warning: implicit declaration of function 'Setup_Intr_Exception' [-Wimplicit-function-declaration]
  Setup_Intr_Exception(&Intc);
  ^
../src/main.c:157:1: warning: control reaches end of non-void function [-Wreturn-type]
 }
 ^
../src/main.c: In function 'main':
../src/main.c:169:1: warning: control reaches end of non-void function [-Wreturn-type]
 }
 ^
'Finished building: ../src/main.c'
' '
'Building target: FIFO_Test.elf'
'Invoking: ARM gcc linker'
arm-xilinx-eabi-gcc -Wl,-T -Wl,../src/lscript.ld -L../../FIFO_Test_bsp/ps7_cortexa9_0/lib -o "FIFO_Test.elf"  ./src/dma_intr.o ./src/main.o ./src/sys_intr.o ./src/timer_intr.o   -Wl,--start-group,-lxil,-lgcc,-lc,--end-group
'Finished building target: FIFO_Test.elf'
' '
'Invoking: ARM Print Size'
arm-xilinx-eabi-size FIFO_Test.elf  |tee "FIFO_Test.elf.size"
   text	   data	    bss	    dec	    hex	filename
  69644	   3276	  24508	  97428	  17c94	FIFO_Test.elf
'Finished building: FIFO_Test.elf.size'
' '
15:42:52 **** Auto Build of configuration Debug for project FIFO_Test ****
make all 
'Building file: ../src/main.c'
'Invoking: ARM gcc compiler'
arm-xilinx-eabi-gcc -Wall -O0 -g3 -c -fmessage-length=0 -MT"src/main.o" -I../../FIFO_Test_bsp/ps7_cortexa9_0/include -MMD -MP -MF"src/main.d" -MT"src/main.d" -o "src/main.o" "../src/main.c"
../src/main.c: In function 'axi_dma_test':
../src/main.c:110:4: warning: format '%d' expects argument of type 'int', but argument 3 has type 'u32' [-Wformat=]
    sprintf(oled_str,"RX=%d",RX_success);
    ^
../src/main.c:110:4: warning: format '%d' expects argument of type 'int', but argument 3 has type 'u32' [-Wformat=]
../src/main.c:118:4: warning: format '%d' expects argument of type 'int', but argument 3 has type 'u32' [-Wformat=]
    sprintf(oled_str,"TX=%d",TX_success);
    ^
../src/main.c:118:4: warning: format '%d' expects argument of type 'int', but argument 3 has type 'u32' [-Wformat=]
../src/main.c:141:2: warning: implicit declaration of function 'DMA_DisableIntrSystem' [-Wimplicit-function-declaration]
  DMA_DisableIntrSystem(&Intc, TX_INTR_ID, RX_INTR_ID);
  ^
../src/main.c: In function 'init_intr_sys':
../src/main.c:153:2: warning: implicit declaration of function 'Setup_Intr_Exception' [-Wimplicit-function-declaration]
  Setup_Intr_Exception(&Intc);
  ^
../src/main.c:158:1: warning: control reaches end of non-void function [-Wreturn-type]
 }
 ^
../src/main.c: In function 'main':
../src/main.c:170:1: warning: control reaches end of non-void function [-Wreturn-type]
 }
 ^
'Finished building: ../src/main.c'
' '
'Building target: FIFO_Test.elf'
'Invoking: ARM gcc linker'
arm-xilinx-eabi-gcc -Wl,-T -Wl,../src/lscript.ld -L../../FIFO_Test_bsp/ps7_cortexa9_0/lib -o "FIFO_Test.elf"  ./src/dma_intr.o ./src/main.o ./src/sys_intr.o ./src/timer_intr.o   -Wl,--start-group,-lxil,-lgcc,-lc,--end-group
'Finished building target: FIFO_Test.elf'
' '
'Invoking: ARM Print Size'
arm-xilinx-eabi-size FIFO_Test.elf  |tee "FIFO_Test.elf.size"
   text	   data	    bss	    dec	    hex	filename
  69644	   3276	  24508	  97428	  17c94	FIFO_Test.elf
'Finished building: FIFO_Test.elf.size'
' '
15:42:56 **** Auto Build of configuration Debug for project FIFO_Test ****
make all 
'Building file: ../src/main.c'
'Invoking: ARM gcc compiler'
arm-xilinx-eabi-gcc -Wall -O0 -g3 -c -fmessage-length=0 -MT"src/main.o" -I../../FIFO_Test_bsp/ps7_cortexa9_0/include -MMD -MP -MF"src/main.d" -MT"src/main.d" -o "src/main.o" "../src/main.c"
../src/main.c: In function 'axi_dma_test':
../src/main.c:111:4: warning: format '%d' expects argument of type 'int', but argument 3 has type 'u32' [-Wformat=]
    sprintf(oled_str,"RX=%d",RX_success);
    ^
../src/main.c:111:4: warning: format '%d' expects argument of type 'int', but argument 3 has type 'u32' [-Wformat=]
../src/main.c:119:4: warning: format '%d' expects argument of type 'int', but argument 3 has type 'u32' [-Wformat=]
    sprintf(oled_str,"TX=%d",TX_success);
    ^
../src/main.c:119:4: warning: format '%d' expects argument of type 'int', but argument 3 has type 'u32' [-Wformat=]
../src/main.c:142:2: warning: implicit declaration of function 'DMA_DisableIntrSystem' [-Wimplicit-function-declaration]
  DMA_DisableIntrSystem(&Intc, TX_INTR_ID, RX_INTR_ID);
  ^
../src/main.c: In function 'init_intr_sys':
../src/main.c:154:2: warning: implicit declaration of function 'Setup_Intr_Exception' [-Wimplicit-function-declaration]
  Setup_Intr_Exception(&Intc);
  ^
../src/main.c:159:1: warning: control reaches end of non-void function [-Wreturn-type]
 }
 ^
../src/main.c: In function 'main':
../src/main.c:171:1: warning: control reaches end of non-void function [-Wreturn-type]
 }
 ^
'Finished building: ../src/main.c'
' '
'Building target: FIFO_Test.elf'
'Invoking: ARM gcc linker'
arm-xilinx-eabi-gcc -Wl,-T -Wl,../src/lscript.ld -L../../FIFO_Test_bsp/ps7_cortexa9_0/lib -o "FIFO_Test.elf"  ./src/dma_intr.o ./src/main.o ./src/sys_intr.o ./src/timer_intr.o   -Wl,--start-group,-lxil,-lgcc,-lc,--end-group
'Finished building target: FIFO_Test.elf'
' '
'Invoking: ARM Print Size'
arm-xilinx-eabi-size FIFO_Test.elf  |tee "FIFO_Test.elf.size"
   text	   data	    bss	    dec	    hex	filename
  69644	   3276	  24508	  97428	  17c94	FIFO_Test.elf
'Finished building: FIFO_Test.elf.size'
' '
15:43:28 **** Auto Build of configuration Debug for project FIFO_Test ****
make all 
'Building file: ../src/main.c'
'Invoking: ARM gcc compiler'
arm-xilinx-eabi-gcc -Wall -O0 -g3 -c -fmessage-length=0 -MT"src/main.o" -I../../FIFO_Test_bsp/ps7_cortexa9_0/include -MMD -MP -MF"src/main.d" -MT"src/main.d" -o "src/main.o" "../src/main.c"
../src/main.c: In function 'axi_dma_test':
../src/main.c:111:4: warning: format '%d' expects argument of type 'int', but argument 3 has type 'u32' [-Wformat=]
    sprintf(oled_str,"RX=%d",RX_success);
    ^
../src/main.c:111:4: warning: format '%d' expects argument of type 'int', but argument 3 has type 'u32' [-Wformat=]
../src/main.c:119:4: warning: format '%d' expects argument of type 'int', but argument 3 has type 'u32' [-Wformat=]
    sprintf(oled_str,"TX=%d",TX_success);
    ^
../src/main.c:119:4: warning: format '%d' expects argument of type 'int', but argument 3 has type 'u32' [-Wformat=]
../src/main.c:142:2: warning: implicit declaration of function 'DMA_DisableIntrSystem' [-Wimplicit-function-declaration]
  DMA_DisableIntrSystem(&Intc, TX_INTR_ID, RX_INTR_ID);
  ^
../src/main.c: In function 'init_intr_sys':
../src/main.c:154:2: warning: implicit declaration of function 'Setup_Intr_Exception' [-Wimplicit-function-declaration]
  Setup_Intr_Exception(&Intc);
  ^
../src/main.c:159:1: warning: control reaches end of non-void function [-Wreturn-type]
 }
 ^
../src/main.c: In function 'main':
../src/main.c:171:1: warning: control reaches end of non-void function [-Wreturn-type]
 }
 ^
'Finished building: ../src/main.c'
' '
'Building target: FIFO_Test.elf'
'Invoking: ARM gcc linker'
arm-xilinx-eabi-gcc -Wl,-T -Wl,../src/lscript.ld -L../../FIFO_Test_bsp/ps7_cortexa9_0/lib -o "FIFO_Test.elf"  ./src/dma_intr.o ./src/main.o ./src/sys_intr.o ./src/timer_intr.o   -Wl,--start-group,-lxil,-lgcc,-lc,--end-group
'Finished building target: FIFO_Test.elf'
' '
'Invoking: ARM Print Size'
arm-xilinx-eabi-size FIFO_Test.elf  |tee "FIFO_Test.elf.size"
   text	   data	    bss	    dec	    hex	filename
  69644	   3276	  24508	  97428	  17c94	FIFO_Test.elf
'Finished building: FIFO_Test.elf.size'
' '
15:43:48 **** Auto Build of configuration Debug for project FIFO_Test ****
make all 
'Building file: ../src/main.c'
'Invoking: ARM gcc compiler'
arm-xilinx-eabi-gcc -Wall -O0 -g3 -c -fmessage-length=0 -MT"src/main.o" -I../../FIFO_Test_bsp/ps7_cortexa9_0/include -MMD -MP -MF"src/main.d" -MT"src/main.d" -o "src/main.o" "../src/main.c"
../src/main.c: In function 'axi_dma_test':
../src/main.c:111:4: warning: format '%d' expects argument of type 'int', but argument 3 has type 'u32' [-Wformat=]
    sprintf(oled_str,"RX=%d",RX_success);
    ^
../src/main.c:111:4: warning: format '%d' expects argument of type 'int', but argument 3 has type 'u32' [-Wformat=]
../src/main.c:119:4: warning: format '%d' expects argument of type 'int', but argument 3 has type 'u32' [-Wformat=]
    sprintf(oled_str,"TX=%d",TX_success);
    ^
../src/main.c:119:4: warning: format '%d' expects argument of type 'int', but argument 3 has type 'u32' [-Wformat=]
../src/main.c:142:2: warning: implicit declaration of function 'DMA_DisableIntrSystem' [-Wimplicit-function-declaration]
  DMA_DisableIntrSystem(&Intc, TX_INTR_ID, RX_INTR_ID);
  ^
../src/main.c: In function 'init_intr_sys':
../src/main.c:154:2: warning: implicit declaration of function 'Setup_Intr_Exception' [-Wimplicit-function-declaration]
  Setup_Intr_Exception(&Intc);
  ^
../src/main.c:159:1: warning: control reaches end of non-void function [-Wreturn-type]
 }
 ^
../src/main.c: In function 'main':
../src/main.c:171:1: warning: control reaches end of non-void function [-Wreturn-type]
 }
 ^
'Finished building: ../src/main.c'
' '
'Building target: FIFO_Test.elf'
'Invoking: ARM gcc linker'
arm-xilinx-eabi-gcc -Wl,-T -Wl,../src/lscript.ld -L../../FIFO_Test_bsp/ps7_cortexa9_0/lib -o "FIFO_Test.elf"  ./src/dma_intr.o ./src/main.o ./src/sys_intr.o ./src/timer_intr.o   -Wl,--start-group,-lxil,-lgcc,-lc,--end-group
'Finished building target: FIFO_Test.elf'
' '
'Invoking: ARM Print Size'
arm-xilinx-eabi-size FIFO_Test.elf  |tee "FIFO_Test.elf.size"
   text	   data	    bss	    dec	    hex	filename
  69644	   3276	  24508	  97428	  17c94	FIFO_Test.elf
'Finished building: FIFO_Test.elf.size'
' '
15:44:20 **** Auto Build of configuration Debug for project FIFO_Test ****
make all 
'Building file: ../src/main.c'
'Invoking: ARM gcc compiler'
arm-xilinx-eabi-gcc -Wall -O0 -g3 -c -fmessage-length=0 -MT"src/main.o" -I../../FIFO_Test_bsp/ps7_cortexa9_0/include -MMD -MP -MF"src/main.d" -MT"src/main.d" -o "src/main.o" "../src/main.c"
../src/main.c: In function 'axi_dma_test':
../src/main.c:113:4: warning: format '%d' expects argument of type 'int', but argument 3 has type 'u32' [-Wformat=]
    sprintf(oled_str,"RX=%d",RX_success);
    ^
../src/main.c:113:4: warning: format '%d' expects argument of type 'int', but argument 3 has type 'u32' [-Wformat=]
../src/main.c:121:4: warning: format '%d' expects argument of type 'int', but argument 3 has type 'u32' [-Wformat=]
    sprintf(oled_str,"TX=%d",TX_success);
    ^
../src/main.c:121:4: warning: format '%d' expects argument of type 'int', but argument 3 has type 'u32' [-Wformat=]
../src/main.c:144:2: warning: implicit declaration of function 'DMA_DisableIntrSystem' [-Wimplicit-function-declaration]
  DMA_DisableIntrSystem(&Intc, TX_INTR_ID, RX_INTR_ID);
  ^
../src/main.c: In function 'init_intr_sys':
../src/main.c:156:2: warning: implicit declaration of function 'Setup_Intr_Exception' [-Wimplicit-function-declaration]
  Setup_Intr_Exception(&Intc);
  ^
../src/main.c:161:1: warning: control reaches end of non-void function [-Wreturn-type]
 }
 ^
../src/main.c: In function 'main':
../src/main.c:173:1: warning: control reaches end of non-void function [-Wreturn-type]
 }
 ^
'Finished building: ../src/main.c'
' '
'Building target: FIFO_Test.elf'
'Invoking: ARM gcc linker'
arm-xilinx-eabi-gcc -Wl,-T -Wl,../src/lscript.ld -L../../FIFO_Test_bsp/ps7_cortexa9_0/lib -o "FIFO_Test.elf"  ./src/dma_intr.o ./src/main.o ./src/sys_intr.o ./src/timer_intr.o   -Wl,--start-group,-lxil,-lgcc,-lc,--end-group
'Finished building target: FIFO_Test.elf'
' '
'Invoking: ARM Print Size'
arm-xilinx-eabi-size FIFO_Test.elf  |tee "FIFO_Test.elf.size"
   text	   data	    bss	    dec	    hex	filename
  69708	   3276	  24508	  97492	  17cd4	FIFO_Test.elf
'Finished building: FIFO_Test.elf.size'
' '
15:44:50 **** Auto Build of configuration Debug for project FIFO_Test ****
make all 
'Building file: ../src/main.c'
'Invoking: ARM gcc compiler'
arm-xilinx-eabi-gcc -Wall -O0 -g3 -c -fmessage-length=0 -MT"src/main.o" -I../../FIFO_Test_bsp/ps7_cortexa9_0/include -MMD -MP -MF"src/main.d" -MT"src/main.d" -o "src/main.o" "../src/main.c"
../src/main.c: In function 'axi_dma_test':
../src/main.c:87:36: error: invalid operands to binary & (have 'int' and 'XGpio')
    XGpio_DiscreteWrite(&Led, 1, 0x2&Led);
                                    ^
../src/main.c:113:4: warning: format '%d' expects argument of type 'int', but argument 3 has type 'u32' [-Wformat=]
    sprintf(oled_str,"RX=%d",RX_success);
    ^
../src/main.c:113:4: warning: format '%d' expects argument of type 'int', but argument 3 has type 'u32' [-Wformat=]
../src/main.c:121:4: warning: format '%d' expects argument of type 'int', but argument 3 has type 'u32' [-Wformat=]
    sprintf(oled_str,"TX=%d",TX_success);
    ^
../src/main.c:121:4: warning: format '%d' expects argument of type 'int', but argument 3 has type 'u32' [-Wformat=]
../src/main.c:144:2: warning: implicit declaration of function 'DMA_DisableIntrSystem' [-Wimplicit-function-declaration]
  DMA_DisableIntrSystem(&Intc, TX_INTR_ID, RX_INTR_ID);
  ^
../src/main.c: In function 'init_intr_sys':
../src/main.c:156:2: warning: implicit declaration of function 'Setup_Intr_Exception' [-Wimplicit-function-declaration]
  Setup_Intr_Exception(&Intc);
  ^
../src/main.c:161:1: warning: control reaches end of non-void function [-Wreturn-type]
 }
 ^
../src/main.c: In function 'main':
../src/main.c:173:1: warning: control reaches end of non-void function [-Wreturn-type]
 }
 ^
make: *** [src/main.o] ´íÎó 1
15:45:25 **** Auto Build of configuration Debug for project FIFO_Test ****
make all 
'Building file: ../src/main.c'
'Invoking: ARM gcc compiler'
arm-xilinx-eabi-gcc -Wall -O0 -g3 -c -fmessage-length=0 -MT"src/main.o" -I../../FIFO_Test_bsp/ps7_cortexa9_0/include -MMD -MP -MF"src/main.d" -MT"src/main.d" -o "src/main.o" "../src/main.c"
../src/main.c: In function 'axi_dma_test':
../src/main.c:88:36: error: invalid operands to binary & (have 'int' and 'XGpio')
    XGpio_DiscreteWrite(&Led, 1, 0x2&Led);
                                    ^
../src/main.c:114:4: warning: format '%d' expects argument of type 'int', but argument 3 has type 'u32' [-Wformat=]
    sprintf(oled_str,"RX=%d",RX_success);
    ^
../src/main.c:114:4: warning: format '%d' expects argument of type 'int', but argument 3 has type 'u32' [-Wformat=]
../src/main.c:122:4: warning: format '%d' expects argument of type 'int', but argument 3 has type 'u32' [-Wformat=]
    sprintf(oled_str,"TX=%d",TX_success);
    ^
../src/main.c:122:4: warning: format '%d' expects argument of type 'int', but argument 3 has type 'u32' [-Wformat=]
../src/main.c:145:2: warning: implicit declaration of function 'DMA_DisableIntrSystem' [-Wimplicit-function-declaration]
  DMA_DisableIntrSystem(&Intc, TX_INTR_ID, RX_INTR_ID);
  ^
../src/main.c: In function 'init_intr_sys':
../src/main.c:157:2: warning: implicit declaration of function 'Setup_Intr_Exception' [-Wimplicit-function-declaration]
  Setup_Intr_Exception(&Intc);
  ^
../src/main.c:162:1: warning: control reaches end of non-void function [-Wreturn-type]
 }
 ^
../src/main.c: In function 'main':
../src/main.c:174:1: warning: control reaches end of non-void function [-Wreturn-type]
 }
 ^
make: *** [src/main.o] ´íÎó 1
15:45:35 **** Auto Build of configuration Debug for project FIFO_Test ****
make all 
'Building file: ../src/main.c'
'Invoking: ARM gcc compiler'
arm-xilinx-eabi-gcc -Wall -O0 -g3 -c -fmessage-length=0 -MT"src/main.o" -I../../FIFO_Test_bsp/ps7_cortexa9_0/include -MMD -MP -MF"src/main.d" -MT"src/main.d" -o "src/main.o" "../src/main.c"
../src/main.c: In function 'axi_dma_test':
../src/main.c:88:36: error: invalid operands to binary & (have 'int' and 'XGpio')
    XGpio_DiscreteWrite(&Led, 1, 0x2&Led);
                                    ^
../src/main.c:114:4: warning: format '%d' expects argument of type 'int', but argument 3 has type 'u32' [-Wformat=]
    sprintf(oled_str,"RX=%d",RX_success);
    ^
../src/main.c:114:4: warning: format '%d' expects argument of type 'int', but argument 3 has type 'u32' [-Wformat=]
../src/main.c:122:4: warning: format '%d' expects argument of type 'int', but argument 3 has type 'u32' [-Wformat=]
    sprintf(oled_str,"TX=%d",TX_success);
    ^
../src/main.c:122:4: warning: format '%d' expects argument of type 'int', but argument 3 has type 'u32' [-Wformat=]
../src/main.c:145:2: warning: implicit declaration of function 'DMA_DisableIntrSystem' [-Wimplicit-function-declaration]
  DMA_DisableIntrSystem(&Intc, TX_INTR_ID, RX_INTR_ID);
  ^
../src/main.c: In function 'init_intr_sys':
../src/main.c:157:2: warning: implicit declaration of function 'Setup_Intr_Exception' [-Wimplicit-function-declaration]
  Setup_Intr_Exception(&Intc);
  ^
../src/main.c:162:1: warning: control reaches end of non-void function [-Wreturn-type]
 }
 ^
../src/main.c: In function 'main':
../src/main.c:174:1: warning: control reaches end of non-void function [-Wreturn-type]
 }
 ^
make: *** [src/main.o] ´íÎó 1
15:45:37 **** Auto Build of configuration Debug for project FIFO_Test ****
make all 
'Building file: ../src/main.c'
'Invoking: ARM gcc compiler'
arm-xilinx-eabi-gcc -Wall -O0 -g3 -c -fmessage-length=0 -MT"src/main.o" -I../../FIFO_Test_bsp/ps7_cortexa9_0/include -MMD -MP -MF"src/main.d" -MT"src/main.d" -o "src/main.o" "../src/main.c"
../src/main.c: In function 'axi_dma_test':
../src/main.c:88:36: error: invalid operands to binary & (have 'int' and 'XGpio')
    XGpio_DiscreteWrite(&Led, 1, 0x2&Led);
                                    ^
../src/main.c:114:4: warning: format '%d' expects argument of type 'int', but argument 3 has type 'u32' [-Wformat=]
    sprintf(oled_str,"RX=%d",RX_success);
    ^
../src/main.c:114:4: warning: format '%d' expects argument of type 'int', but argument 3 has type 'u32' [-Wformat=]
../src/main.c:122:4: warning: format '%d' expects argument of type 'int', but argument 3 has type 'u32' [-Wformat=]
    sprintf(oled_str,"TX=%d",TX_success);
    ^
../src/main.c:122:4: warning: format '%d' expects argument of type 'int', but argument 3 has type 'u32' [-Wformat=]
../src/main.c:145:2: warning: implicit declaration of function 'DMA_DisableIntrSystem' [-Wimplicit-function-declaration]
  DMA_DisableIntrSystem(&Intc, TX_INTR_ID, RX_INTR_ID);
  ^
../src/main.c: In function 'init_intr_sys':
../src/main.c:157:2: warning: implicit declaration of function 'Setup_Intr_Exception' [-Wimplicit-function-declaration]
  Setup_Intr_Exception(&Intc);
  ^
../src/main.c:162:1: warning: control reaches end of non-void function [-Wreturn-type]
 }
 ^
../src/main.c: In function 'main':
../src/main.c:174:1: warning: control reaches end of non-void function [-Wreturn-type]
 }
 ^
make: *** [src/main.o] ´íÎó 1
15:45:57 **** Auto Build of configuration Debug for project FIFO_Test ****
make all 
'Building file: ../src/main.c'
'Invoking: ARM gcc compiler'
arm-xilinx-eabi-gcc -Wall -O0 -g3 -c -fmessage-length=0 -MT"src/main.o" -I../../FIFO_Test_bsp/ps7_cortexa9_0/include -MMD -MP -MF"src/main.d" -MT"src/main.d" -o "src/main.o" "../src/main.c"
../src/main.c: In function 'axi_dma_test':
../src/main.c:115:4: warning: format '%d' expects argument of type 'int', but argument 3 has type 'u32' [-Wformat=]
    sprintf(oled_str,"RX=%d",RX_success);
    ^
../src/main.c:115:4: warning: format '%d' expects argument of type 'int', but argument 3 has type 'u32' [-Wformat=]
../src/main.c:123:4: warning: format '%d' expects argument of type 'int', but argument 3 has type 'u32' [-Wformat=]
    sprintf(oled_str,"TX=%d",TX_success);
    ^
../src/main.c:123:4: warning: format '%d' expects argument of type 'int', but argument 3 has type 'u32' [-Wformat=]
../src/main.c:146:2: warning: implicit declaration of function 'DMA_DisableIntrSystem' [-Wimplicit-function-declaration]
  DMA_DisableIntrSystem(&Intc, TX_INTR_ID, RX_INTR_ID);
  ^
../src/main.c: In function 'init_intr_sys':
../src/main.c:158:2: warning: implicit declaration of function 'Setup_Intr_Exception' [-Wimplicit-function-declaration]
  Setup_Intr_Exception(&Intc);
  ^
../src/main.c:163:1: warning: control reaches end of non-void function [-Wreturn-type]
 }
 ^
../src/main.c: In function 'main':
../src/main.c:175:1: warning: control reaches end of non-void function [-Wreturn-type]
 }
 ^
'Finished building: ../src/main.c'
' '
'Building target: FIFO_Test.elf'
'Invoking: ARM gcc linker'
arm-xilinx-eabi-gcc -Wl,-T -Wl,../src/lscript.ld -L../../FIFO_Test_bsp/ps7_cortexa9_0/lib -o "FIFO_Test.elf"  ./src/dma_intr.o ./src/main.o ./src/sys_intr.o ./src/timer_intr.o   -Wl,--start-group,-lxil,-lgcc,-lc,--end-group
'Finished building target: FIFO_Test.elf'
' '
'Invoking: ARM Print Size'
arm-xilinx-eabi-size FIFO_Test.elf  |tee "FIFO_Test.elf.size"
   text	   data	    bss	    dec	    hex	filename
  69772	   3276	  24508	  97556	  17d14	FIFO_Test.elf
'Finished building: FIFO_Test.elf.size'
' '
15:46:15 **** Auto Build of configuration Debug for project FIFO_Test ****
make all 
'Building file: ../src/main.c'
'Invoking: ARM gcc compiler'
arm-xilinx-eabi-gcc -Wall -O0 -g3 -c -fmessage-length=0 -MT"src/main.o" -I../../FIFO_Test_bsp/ps7_cortexa9_0/include -MMD -MP -MF"src/main.d" -MT"src/main.d" -o "src/main.o" "../src/main.c"
../src/main.c: In function 'axi_dma_test':
../src/main.c:116:4: warning: format '%d' expects argument of type 'int', but argument 3 has type 'u32' [-Wformat=]
    sprintf(oled_str,"RX=%d",RX_success);
    ^
../src/main.c:116:4: warning: format '%d' expects argument of type 'int', but argument 3 has type 'u32' [-Wformat=]
../src/main.c:124:4: warning: format '%d' expects argument of type 'int', but argument 3 has type 'u32' [-Wformat=]
    sprintf(oled_str,"TX=%d",TX_success);
    ^
../src/main.c:124:4: warning: format '%d' expects argument of type 'int', but argument 3 has type 'u32' [-Wformat=]
../src/main.c:147:2: warning: implicit declaration of function 'DMA_DisableIntrSystem' [-Wimplicit-function-declaration]
  DMA_DisableIntrSystem(&Intc, TX_INTR_ID, RX_INTR_ID);
  ^
../src/main.c: In function 'init_intr_sys':
../src/main.c:159:2: warning: implicit declaration of function 'Setup_Intr_Exception' [-Wimplicit-function-declaration]
  Setup_Intr_Exception(&Intc);
  ^
../src/main.c:164:1: warning: control reaches end of non-void function [-Wreturn-type]
 }
 ^
../src/main.c: In function 'main':
../src/main.c:176:1: warning: control reaches end of non-void function [-Wreturn-type]
 }
 ^
'Finished building: ../src/main.c'
' '
'Building target: FIFO_Test.elf'
'Invoking: ARM gcc linker'
arm-xilinx-eabi-gcc -Wl,-T -Wl,../src/lscript.ld -L../../FIFO_Test_bsp/ps7_cortexa9_0/lib -o "FIFO_Test.elf"  ./src/dma_intr.o ./src/main.o ./src/sys_intr.o ./src/timer_intr.o   -Wl,--start-group,-lxil,-lgcc,-lc,--end-group
'Finished building target: FIFO_Test.elf'
' '
'Invoking: ARM Print Size'
arm-xilinx-eabi-size FIFO_Test.elf  |tee "FIFO_Test.elf.size"
   text	   data	    bss	    dec	    hex	filename
  69836	   3276	  24508	  97620	  17d54	FIFO_Test.elf
'Finished building: FIFO_Test.elf.size'
' '
15:47:01 **** Auto Build of configuration Debug for project FIFO_Test ****
make all 
'Building file: ../src/main.c'
'Invoking: ARM gcc compiler'
arm-xilinx-eabi-gcc -Wall -O0 -g3 -c -fmessage-length=0 -MT"src/main.o" -I../../FIFO_Test_bsp/ps7_cortexa9_0/include -MMD -MP -MF"src/main.d" -MT"src/main.d" -o "src/main.o" "../src/main.c"
../src/main.c: In function 'axi_dma_test':
../src/main.c:116:4: warning: format '%d' expects argument of type 'int', but argument 3 has type 'u32' [-Wformat=]
    sprintf(oled_str,"RX=%d",RX_success);
    ^
../src/main.c:116:4: warning: format '%d' expects argument of type 'int', but argument 3 has type 'u32' [-Wformat=]
../src/main.c:124:4: warning: format '%d' expects argument of type 'int', but argument 3 has type 'u32' [-Wformat=]
    sprintf(oled_str,"TX=%d",TX_success);
    ^
../src/main.c:124:4: warning: format '%d' expects argument of type 'int', but argument 3 has type 'u32' [-Wformat=]
../src/main.c:147:2: warning: implicit declaration of function 'DMA_DisableIntrSystem' [-Wimplicit-function-declaration]
  DMA_DisableIntrSystem(&Intc, TX_INTR_ID, RX_INTR_ID);
  ^
../src/main.c: In function 'init_intr_sys':
../src/main.c:159:2: warning: implicit declaration of function 'Setup_Intr_Exception' [-Wimplicit-function-declaration]
  Setup_Intr_Exception(&Intc);
  ^
../src/main.c:164:1: warning: control reaches end of non-void function [-Wreturn-type]
 }
 ^
../src/main.c: In function 'main':
../src/main.c:176:1: warning: control reaches end of non-void function [-Wreturn-type]
 }
 ^
'Finished building: ../src/main.c'
' '
'Building target: FIFO_Test.elf'
'Invoking: ARM gcc linker'
arm-xilinx-eabi-gcc -Wl,-T -Wl,../src/lscript.ld -L../../FIFO_Test_bsp/ps7_cortexa9_0/lib -o "FIFO_Test.elf"  ./src/dma_intr.o ./src/main.o ./src/sys_intr.o ./src/timer_intr.o   -Wl,--start-group,-lxil,-lgcc,-lc,--end-group
'Finished building target: FIFO_Test.elf'
' '
'Invoking: ARM Print Size'
arm-xilinx-eabi-size FIFO_Test.elf  |tee "FIFO_Test.elf.size"
   text	   data	    bss	    dec	    hex	filename
  69836	   3276	  24508	  97620	  17d54	FIFO_Test.elf
'Finished building: FIFO_Test.elf.size'
' '
15:47:22 **** Auto Build of configuration Debug for project FIFO_Test ****
make all 
'Building file: ../src/main.c'
'Invoking: ARM gcc compiler'
arm-xilinx-eabi-gcc -Wall -O0 -g3 -c -fmessage-length=0 -MT"src/main.o" -I../../FIFO_Test_bsp/ps7_cortexa9_0/include -MMD -MP -MF"src/main.d" -MT"src/main.d" -o "src/main.o" "../src/main.c"
../src/main.c: In function 'axi_dma_test':
../src/main.c:116:4: warning: format '%d' expects argument of type 'int', but argument 3 has type 'u32' [-Wformat=]
    sprintf(oled_str,"RX=%d",RX_success);
    ^
../src/main.c:116:4: warning: format '%d' expects argument of type 'int', but argument 3 has type 'u32' [-Wformat=]
../src/main.c:124:4: warning: format '%d' expects argument of type 'int', but argument 3 has type 'u32' [-Wformat=]
    sprintf(oled_str,"TX=%d",TX_success);
    ^
../src/main.c:124:4: warning: format '%d' expects argument of type 'int', but argument 3 has type 'u32' [-Wformat=]
../src/main.c:147:2: warning: implicit declaration of function 'DMA_DisableIntrSystem' [-Wimplicit-function-declaration]
  DMA_DisableIntrSystem(&Intc, TX_INTR_ID, RX_INTR_ID);
  ^
../src/main.c: In function 'init_intr_sys':
../src/main.c:159:2: warning: implicit declaration of function 'Setup_Intr_Exception' [-Wimplicit-function-declaration]
  Setup_Intr_Exception(&Intc);
  ^
../src/main.c:164:1: warning: control reaches end of non-void function [-Wreturn-type]
 }
 ^
../src/main.c: In function 'main':
../src/main.c:176:1: warning: control reaches end of non-void function [-Wreturn-type]
 }
 ^
'Finished building: ../src/main.c'
' '
'Building target: FIFO_Test.elf'
'Invoking: ARM gcc linker'
arm-xilinx-eabi-gcc -Wl,-T -Wl,../src/lscript.ld -L../../FIFO_Test_bsp/ps7_cortexa9_0/lib -o "FIFO_Test.elf"  ./src/dma_intr.o ./src/main.o ./src/sys_intr.o ./src/timer_intr.o   -Wl,--start-group,-lxil,-lgcc,-lc,--end-group
'Finished building target: FIFO_Test.elf'
' '
'Invoking: ARM Print Size'
arm-xilinx-eabi-size FIFO_Test.elf  |tee "FIFO_Test.elf.size"
   text	   data	    bss	    dec	    hex	filename
  69836	   3276	  24508	  97620	  17d54	FIFO_Test.elf
'Finished building: FIFO_Test.elf.size'
' '
15:47:30 **** Auto Build of configuration Debug for project FIFO_Test ****
make all 
'Building file: ../src/main.c'
'Invoking: ARM gcc compiler'
arm-xilinx-eabi-gcc -Wall -O0 -g3 -c -fmessage-length=0 -MT"src/main.o" -I../../FIFO_Test_bsp/ps7_cortexa9_0/include -MMD -MP -MF"src/main.d" -MT"src/main.d" -o "src/main.o" "../src/main.c"
../src/main.c: In function 'axi_dma_test':
../src/main.c:116:4: warning: format '%d' expects argument of type 'int', but argument 3 has type 'u32' [-Wformat=]
    sprintf(oled_str,"RX=%d",RX_success);
    ^
../src/main.c:116:4: warning: format '%d' expects argument of type 'int', but argument 3 has type 'u32' [-Wformat=]
../src/main.c:124:4: warning: format '%d' expects argument of type 'int', but argument 3 has type 'u32' [-Wformat=]
    sprintf(oled_str,"TX=%d",TX_success);
    ^
../src/main.c:124:4: warning: format '%d' expects argument of type 'int', but argument 3 has type 'u32' [-Wformat=]
../src/main.c:147:2: warning: implicit declaration of function 'DMA_DisableIntrSystem' [-Wimplicit-function-declaration]
  DMA_DisableIntrSystem(&Intc, TX_INTR_ID, RX_INTR_ID);
  ^
../src/main.c: In function 'init_intr_sys':
../src/main.c:159:2: warning: implicit declaration of function 'Setup_Intr_Exception' [-Wimplicit-function-declaration]
  Setup_Intr_Exception(&Intc);
  ^
../src/main.c:164:1: warning: control reaches end of non-void function [-Wreturn-type]
 }
 ^
../src/main.c: In function 'main':
../src/main.c:176:1: warning: control reaches end of non-void function [-Wreturn-type]
 }
 ^
'Finished building: ../src/main.c'
' '
'Building target: FIFO_Test.elf'
'Invoking: ARM gcc linker'
arm-xilinx-eabi-gcc -Wl,-T -Wl,../src/lscript.ld -L../../FIFO_Test_bsp/ps7_cortexa9_0/lib -o "FIFO_Test.elf"  ./src/dma_intr.o ./src/main.o ./src/sys_intr.o ./src/timer_intr.o   -Wl,--start-group,-lxil,-lgcc,-lc,--end-group
'Finished building target: FIFO_Test.elf'
' '
'Invoking: ARM Print Size'
arm-xilinx-eabi-size FIFO_Test.elf  |tee "FIFO_Test.elf.size"
   text	   data	    bss	    dec	    hex	filename
  69836	   3276	  24508	  97620	  17d54	FIFO_Test.elf
'Finished building: FIFO_Test.elf.size'
' '
15:47:56 **** Auto Build of configuration Debug for project FIFO_Test ****
make all 
'Building file: ../src/main.c'
'Invoking: ARM gcc compiler'
arm-xilinx-eabi-gcc -Wall -O0 -g3 -c -fmessage-length=0 -MT"src/main.o" -I../../FIFO_Test_bsp/ps7_cortexa9_0/include -MMD -MP -MF"src/main.d" -MT"src/main.d" -o "src/main.o" "../src/main.c"
../src/main.c: In function 'axi_dma_test':
../src/main.c:118:4: warning: format '%d' expects argument of type 'int', but argument 3 has type 'u32' [-Wformat=]
    sprintf(oled_str,"RX=%d",RX_success);
    ^
../src/main.c:118:4: warning: format '%d' expects argument of type 'int', but argument 3 has type 'u32' [-Wformat=]
../src/main.c:126:4: warning: format '%d' expects argument of type 'int', but argument 3 has type 'u32' [-Wformat=]
    sprintf(oled_str,"TX=%d",TX_success);
    ^
../src/main.c:126:4: warning: format '%d' expects argument of type 'int', but argument 3 has type 'u32' [-Wformat=]
../src/main.c:149:2: warning: implicit declaration of function 'DMA_DisableIntrSystem' [-Wimplicit-function-declaration]
  DMA_DisableIntrSystem(&Intc, TX_INTR_ID, RX_INTR_ID);
  ^
../src/main.c: In function 'init_intr_sys':
../src/main.c:161:2: warning: implicit declaration of function 'Setup_Intr_Exception' [-Wimplicit-function-declaration]
  Setup_Intr_Exception(&Intc);
  ^
../src/main.c:166:1: warning: control reaches end of non-void function [-Wreturn-type]
 }
 ^
../src/main.c: In function 'main':
../src/main.c:178:1: warning: control reaches end of non-void function [-Wreturn-type]
 }
 ^
'Finished building: ../src/main.c'
' '
'Building target: FIFO_Test.elf'
'Invoking: ARM gcc linker'
arm-xilinx-eabi-gcc -Wl,-T -Wl,../src/lscript.ld -L../../FIFO_Test_bsp/ps7_cortexa9_0/lib -o "FIFO_Test.elf"  ./src/dma_intr.o ./src/main.o ./src/sys_intr.o ./src/timer_intr.o   -Wl,--start-group,-lxil,-lgcc,-lc,--end-group
'Finished building target: FIFO_Test.elf'
' '
'Invoking: ARM Print Size'
arm-xilinx-eabi-size FIFO_Test.elf  |tee "FIFO_Test.elf.size"
   text	   data	    bss	    dec	    hex	filename
  69836	   3276	  24508	  97620	  17d54	FIFO_Test.elf
'Finished building: FIFO_Test.elf.size'
' '
15:49:41 **** Incremental Build of configuration Debug for project FIFO_Test ****
make all 
make: Nothing to be done for `all'.
15:50:42 **** Incremental Build of configuration Debug for project FIFO_Test ****
make all 
make: Nothing to be done for `all'.
15:51:18 **** Auto Build of configuration Debug for project FIFO_Test ****
make all 
'Building file: ../src/main.c'
'Invoking: ARM gcc compiler'
arm-xilinx-eabi-gcc -Wall -O0 -g3 -c -fmessage-length=0 -MT"src/main.o" -I../../FIFO_Test_bsp/ps7_cortexa9_0/include -MMD -MP -MF"src/main.d" -MT"src/main.d" -o "src/main.o" "../src/main.c"
../src/main.c: In function 'axi_dma_test':
../src/main.c:117:4: warning: format '%d' expects argument of type 'int', but argument 3 has type 'u32' [-Wformat=]
    sprintf(oled_str,"RX=%d",RX_success);
    ^
../src/main.c:117:4: warning: format '%d' expects argument of type 'int', but argument 3 has type 'u32' [-Wformat=]
../src/main.c:125:4: warning: format '%d' expects argument of type 'int', but argument 3 has type 'u32' [-Wformat=]
    sprintf(oled_str,"TX=%d",TX_success);
    ^
../src/main.c:125:4: warning: format '%d' expects argument of type 'int', but argument 3 has type 'u32' [-Wformat=]
../src/main.c:148:2: warning: implicit declaration of function 'DMA_DisableIntrSystem' [-Wimplicit-function-declaration]
  DMA_DisableIntrSystem(&Intc, TX_INTR_ID, RX_INTR_ID);
  ^
../src/main.c: In function 'init_intr_sys':
../src/main.c:160:2: warning: implicit declaration of function 'Setup_Intr_Exception' [-Wimplicit-function-declaration]
  Setup_Intr_Exception(&Intc);
  ^
../src/main.c:165:1: warning: control reaches end of non-void function [-Wreturn-type]
 }
 ^
../src/main.c: In function 'main':
../src/main.c:177:1: warning: control reaches end of non-void function [-Wreturn-type]
 }
 ^
'Finished building: ../src/main.c'
' '
'Building target: FIFO_Test.elf'
'Invoking: ARM gcc linker'
arm-xilinx-eabi-gcc -Wl,-T -Wl,../src/lscript.ld -L../../FIFO_Test_bsp/ps7_cortexa9_0/lib -o "FIFO_Test.elf"  ./src/dma_intr.o ./src/main.o ./src/sys_intr.o ./src/timer_intr.o   -Wl,--start-group,-lxil,-lgcc,-lc,--end-group
'Finished building target: FIFO_Test.elf'
' '
'Invoking: ARM Print Size'
arm-xilinx-eabi-size FIFO_Test.elf  |tee "FIFO_Test.elf.size"
   text	   data	    bss	    dec	    hex	filename
  69964	   3276	  24508	  97748	  17dd4	FIFO_Test.elf
'Finished building: FIFO_Test.elf.size'
' '
15:51:33 **** Auto Build of configuration Debug for project FIFO_Test ****
make all 
[...]
arm-xilinx-eabi-size FIFOTest.elf  |tee "FIFOTest.elf.size"
   text	   data	    bss	    dec	    hex	filename
  70220	   3276	  26236	  99732	  18594	FIFOTest.elf
'Finished building: FIFOTest.elf.size'
' '
12:34:27 **** Build of project test_bsp ****
make -k all 
"Running Make include in ps7_cortexa9_0/libsrc/axidma_v9_0/src"
make -C ps7_cortexa9_0/libsrc/axidma_v9_0/src -s include  "SHELL=CMD" "COMPILER=arm-xilinx-eabi-gcc" "ARCHIVER=arm-xilinx-eabi-ar" "COMPILER_FLAGS=  -O2 -c" "EXTRA_COMPILER_FLAGS=-g"
"Running Make include in ps7_cortexa9_0/libsrc/coresightps_dcc_v1_2/src"
make -C ps7_cortexa9_0/libsrc/coresightps_dcc_v1_2/src -s include  "SHELL=CMD" "COMPILER=arm-xilinx-eabi-gcc" "ARCHIVER=arm-xilinx-eabi-ar" "COMPILER_FLAGS=  -O2 -c" "EXTRA_COMPILER_FLAGS=-g"
"Running Make include in ps7_cortexa9_0/libsrc/cpu_cortexa9_v2_1/src"
make -C ps7_cortexa9_0/libsrc/cpu_cortexa9_v2_1/src -s include  "SHELL=CMD" "COMPILER=arm-xilinx-eabi-gcc" "ARCHIVER=arm-xilinx-eabi-ar" "COMPILER_FLAGS=  -O2 -c" "EXTRA_COMPILER_FLAGS=-g"
"Running Make include in ps7_cortexa9_0/libsrc/ddrps_v1_0/src"
make -C ps7_cortexa9_0/libsrc/ddrps_v1_0/src -s include  "SHELL=CMD" "COMPILER=arm-xilinx-eabi-gcc" "ARCHIVER=arm-xilinx-eabi-ar" "COMPILER_FLAGS=  -O2 -c" "EXTRA_COMPILER_FLAGS=-g"
"Running Make include in ps7_cortexa9_0/libsrc/devcfg_v3_3/src"
make -C ps7_cortexa9_0/libsrc/devcfg_v3_3/src -s include  "SHELL=CMD" "COMPILER=arm-xilinx-eabi-gcc" "ARCHIVER=arm-xilinx-eabi-ar" "COMPILER_FLAGS=  -O2 -c" "EXTRA_COMPILER_FLAGS=-g"
"Running Make include in ps7_cortexa9_0/libsrc/dmaps_v2_1/src"
make -C ps7_cortexa9_0/libsrc/dmaps_v2_1/src -s include  "SHELL=CMD" "COMPILER=arm-xilinx-eabi-gcc" "ARCHIVER=arm-xilinx-eabi-ar" "COMPILER_FLAGS=  -O2 -c" "EXTRA_COMPILER_FLAGS=-g"
"Running Make include in ps7_cortexa9_0/libsrc/gpio_v4_0/src"
make -C ps7_cortexa9_0/libsrc/gpio_v4_0/src -s include  "SHELL=CMD" "COMPILER=arm-xilinx-eabi-gcc" "ARCHIVER=arm-xilinx-eabi-ar" "COMPILER_FLAGS=  -O2 -c" "EXTRA_COMPILER_FLAGS=-g"
"Running Make include in ps7_cortexa9_0/libsrc/scugic_v3_1/src"
make -C ps7_cortexa9_0/libsrc/scugic_v3_1/src -s include  "SHELL=CMD" "COMPILER=arm-xilinx-eabi-gcc" "ARCHIVER=arm-xilinx-eabi-ar" "COMPILER_FLAGS=  -O2 -c" "EXTRA_COMPILER_FLAGS=-g"
"Running Make include in ps7_cortexa9_0/libsrc/scutimer_v2_1/src"
make -C ps7_cortexa9_0/libsrc/scutimer_v2_1/src -s include  "SHELL=CMD" "COMPILER=arm-xilinx-eabi-gcc" "ARCHIVER=arm-xilinx-eabi-ar" "COMPILER_FLAGS=  -O2 -c" "EXTRA_COMPILER_FLAGS=-g"
"Running Make include in ps7_cortexa9_0/libsrc/scuwdt_v2_1/src"
make -C ps7_cortexa9_0/libsrc/scuwdt_v2_1/src -s include  "SHELL=CMD" "COMPILER=arm-xilinx-eabi-gcc" "ARCHIVER=arm-xilinx-eabi-ar" "COMPILER_FLAGS=  -O2 -c" "EXTRA_COMPILER_FLAGS=-g"
"Running Make include in ps7_cortexa9_0/libsrc/standalone_v5_3/src"
make -C ps7_cortexa9_0/libsrc/standalone_v5_3/src -s include  "SHELL=CMD" "COMPILER=arm-xilinx-eabi-gcc" "ARCHIVER=arm-xilinx-eabi-ar" "COMPILER_FLAGS=  -O2 -c" "EXTRA_COMPILER_FLAGS=-g"
"Running Make include in ps7_cortexa9_0/libsrc/uartps_v3_1/src"
make -C ps7_cortexa9_0/libsrc/uartps_v3_1/src -s include  "SHELL=CMD" "COMPILER=arm-xilinx-eabi-gcc" "ARCHIVER=arm-xilinx-eabi-ar" "COMPILER_FLAGS=  -O2 -c" "EXTRA_COMPILER_FLAGS=-g"
"Running Make include in ps7_cortexa9_0/libsrc/xadcps_v2_2/src"
make -C ps7_cortexa9_0/libsrc/xadcps_v2_2/src -s include  "SHELL=CMD" "COMPILER=arm-xilinx-eabi-gcc" "ARCHIVER=arm-xilinx-eabi-ar" "COMPILER_FLAGS=  -O2 -c" "EXTRA_COMPILER_FLAGS=-g"
"Running Make libs in ps7_cortexa9_0/libsrc/axidma_v9_0/src"
make -C ps7_cortexa9_0/libsrc/axidma_v9_0/src -s libs  "SHELL=CMD" "COMPILER=arm-xilinx-eabi-gcc" "ARCHIVER=arm-xilinx-eabi-ar" "COMPILER_FLAGS=  -O2 -c" "EXTRA_COMPILER_FLAGS=-g"
"Compiling axidma"
In file included from xaxidma.h:470:0,
                 from xaxidma.c:83:
xaxidma.c: In function 'XAxiDma_Reset':
xaxidma_bdring.h:238:26: warning: assignment makes pointer from integer without a cast
    (RingPtr)->BdaRestart =      \
                          ^
xaxidma.c:313:3: note: in expansion of macro 'XAxiDma_BdRingSnapShotCurrBd'
   XAxiDma_BdRingSnapShotCurrBd(TxRingPtr);
   ^
xaxidma_bdring.h:243:27: warning: assignment makes pointer from integer without a cast
     (RingPtr)->BdaRestart =     \
                           ^
xaxidma.c:313:3: note: in expansion of macro 'XAxiDma_BdRingSnapShotCurrBd'
   XAxiDma_BdRingSnapShotCurrBd(TxRingPtr);
   ^
xaxidma_bdring.h:248:27: warning: assignment makes pointer from integer without a cast
     (RingPtr)->BdaRestart =     \
                           ^
xaxidma.c:313:3: note: in expansion of macro 'XAxiDma_BdRingSnapShotCurrBd'
   XAxiDma_BdRingSnapShotCurrBd(TxRingPtr);
   ^
xaxidma_bdring.h:238:26: warning: assignment makes pointer from integer without a cast
    (RingPtr)->BdaRestart =      \
                          ^
xaxidma.c:319:4: note: in expansion of macro 'XAxiDma_BdRingSnapShotCurrBd'
    XAxiDma_BdRingSnapShotCurrBd(RxRingPtr);
    ^
xaxidma_bdring.h:243:27: warning: assignment makes pointer from integer without a cast
     (RingPtr)->BdaRestart =     \
                           ^
xaxidma.c:319:4: note: in expansion of macro 'XAxiDma_BdRingSnapShotCurrBd'
    XAxiDma_BdRingSnapShotCurrBd(RxRingPtr);
    ^
xaxidma_bdring.h:248:27: warning: assignment makes pointer from integer without a cast
     (RingPtr)->BdaRestart =     \
                           ^
xaxidma.c:319:4: note: in expansion of macro 'XAxiDma_BdRingSnapShotCurrBd'
    XAxiDma_BdRingSnapShotCurrBd(RxRingPtr);
    ^
"Running Make libs in ps7_cortexa9_0/libsrc/coresightps_dcc_v1_2/src"
make -C ps7_cortexa9_0/libsrc/coresightps_dcc_v1_2/src -s libs  "SHELL=CMD" "COMPILER=arm-xilinx-eabi-gcc" "ARCHIVER=arm-xilinx-eabi-ar" "COMPILER_FLAGS=  -O2 -c" "EXTRA_COMPILER_FLAGS=-g"
"Compiling coresightps_dcc"
"Running Make libs in ps7_cortexa9_0/libsrc/cpu_cortexa9_v2_1/src"
make -C ps7_cortexa9_0/libsrc/cpu_cortexa9_v2_1/src -s libs  "SHELL=CMD" "COMPILER=arm-xilinx-eabi-gcc" "ARCHIVER=arm-xilinx-eabi-ar" "COMPILER_FLAGS=  -O2 -c" "EXTRA_COMPILER_FLAGS=-g"
"Compiling cpu_cortexa9"
"Running Make libs in ps7_cortexa9_0/libsrc/ddrps_v1_0/src"
make -C ps7_cortexa9_0/libsrc/ddrps_v1_0/src -s libs  "SHELL=CMD" "COMPILER=arm-xilinx-eabi-gcc" "ARCHIVER=arm-xilinx-eabi-ar" "COMPILER_FLAGS=  -O2 -c" "EXTRA_COMPILER_FLAGS=-g"
"Compiling ddrps"
"Running Make libs in ps7_cortexa9_0/libsrc/devcfg_v3_3/src"
make -C ps7_cortexa9_0/libsrc/devcfg_v3_3/src -s libs  "SHELL=CMD" "COMPILER=arm-xilinx-eabi-gcc" "ARCHIVER=arm-xilinx-eabi-ar" "COMPILER_FLAGS=  -O2 -c" "EXTRA_COMPILER_FLAGS=-g"
"Compiling devcfg"
"Running Make libs in ps7_cortexa9_0/libsrc/dmaps_v2_1/src"
make -C ps7_cortexa9_0/libsrc/dmaps_v2_1/src -s libs  "SHELL=CMD" "COMPILER=arm-xilinx-eabi-gcc" "ARCHIVER=arm-xilinx-eabi-ar" "COMPILER_FLAGS=  -O2 -c" "EXTRA_COMPILER_FLAGS=-g"
"Compiling dmaps"
"Running Make libs in ps7_cortexa9_0/libsrc/gpio_v4_0/src"
make -C ps7_cortexa9_0/libsrc/gpio_v4_0/src -s libs  "SHELL=CMD" "COMPILER=arm-xilinx-eabi-gcc" "ARCHIVER=arm-xilinx-eabi-ar" "COMPILER_FLAGS=  -O2 -c" "EXTRA_COMPILER_FLAGS=-g"
"Compiling gpio"
"Running Make libs in ps7_cortexa9_0/libsrc/scugic_v3_1/src"
make -C ps7_cortexa9_0/libsrc/scugic_v3_1/src -s libs  "SHELL=CMD" "COMPILER=arm-xilinx-eabi-gcc" "ARCHIVER=arm-xilinx-eabi-ar" "COMPILER_FLAGS=  -O2 -c" "EXTRA_COMPILER_FLAGS=-g"
"Compiling scugic"
"Running Make libs in ps7_cortexa9_0/libsrc/scutimer_v2_1/src"
make -C ps7_cortexa9_0/libsrc/scutimer_v2_1/src -s libs  "SHELL=CMD" "COMPILER=arm-xilinx-eabi-gcc" "ARCHIVER=arm-xilinx-eabi-ar" "COMPILER_FLAGS=  -O2 -c" "EXTRA_COMPILER_FLAGS=-g"
"Compiling scutimer"
"Running Make libs in ps7_cortexa9_0/libsrc/scuwdt_v2_1/src"
make -C ps7_cortexa9_0/libsrc/scuwdt_v2_1/src -s libs  "SHELL=CMD" "COMPILER=arm-xilinx-eabi-gcc" "ARCHIVER=arm-xilinx-eabi-ar" "COMPILER_FLAGS=  -O2 -c" "EXTRA_COMPILER_FLAGS=-g"
"Compiling scuwdt"
"Running Make libs in ps7_cortexa9_0/libsrc/standalone_v5_3/src"
make -C ps7_cortexa9_0/libsrc/standalone_v5_3/src -s libs  "SHELL=CMD" "COMPILER=arm-xilinx-eabi-gcc" "ARCHIVER=arm-xilinx-eabi-ar" "COMPILER_FLAGS=  -O2 -c" "EXTRA_COMPILER_FLAGS=-g"
"Compiling standalone"
"Running Make libs in ps7_cortexa9_0/libsrc/uartps_v3_1/src"
make -C ps7_cortexa9_0/libsrc/uartps_v3_1/src -s libs  "SHELL=CMD" "COMPILER=arm-xilinx-eabi-gcc" "ARCHIVER=arm-xilinx-eabi-ar" "COMPILER_FLAGS=  -O2 -c" "EXTRA_COMPILER_FLAGS=-g"
"Compiling uartps"
"Running Make libs in ps7_cortexa9_0/libsrc/xadcps_v2_2/src"
make -C ps7_cortexa9_0/libsrc/xadcps_v2_2/src -s libs  "SHELL=CMD" "COMPILER=arm-xilinx-eabi-gcc" "ARCHIVER=arm-xilinx-eabi-ar" "COMPILER_FLAGS=  -O2 -c" "EXTRA_COMPILER_FLAGS=-g"
"Compiling xadcps"
'Finished building libraries'
12:35:26 **** Build of configuration Debug for project test ****
make all 
'Building file: ../src/platform.c'
'Invoking: ARM gcc compiler'
arm-xilinx-eabi-gcc -Wall -O0 -g3 -c -fmessage-length=0 -MT"src/platform.o" -I../../test_bsp/ps7_cortexa9_0/include -MMD -MP -MF"src/platform.d" -MT"src/platform.d" -o "src/platform.o" "../src/platform.c"
'Finished building: ../src/platform.c'
' '
'Building target: test.elf'
'Invoking: ARM gcc linker'
arm-xilinx-eabi-gcc -Wl,-T -Wl,../src/lscript.ld -L../../test_bsp/ps7_cortexa9_0/lib -o "test.elf"  ./src/helloworld.o ./src/platform.o   -Wl,--start-group,-lxil,-lgcc,-lc,--end-group
'Finished building target: test.elf'
' '
'Invoking: ARM Print Size'
arm-xilinx-eabi-size test.elf  |tee "test.elf.size"
   text	   data	    bss	    dec	    hex	filename
  22888	   1152	  22564	  46604	   b60c	test.elf
'Finished building: test.elf.size'
' '
12:35:41 **** Clean-only build of project test_bsp ****
make -k clean 
rm -f ps7_cortexa9_0/lib/libxil.a
12:35:42 **** Clean-only build of configuration Debug for project test ****
make clean 
rm -rf  ./src/helloworld.o ./src/platform.o  ./src/helloworld.d ./src/platform.d  test.elf.size  test.elf
' '
12:35:43 **** Build of project test_bsp ****
make -k all 
"Running Make include in ps7_cortexa9_0/libsrc/axidma_v9_0/src"
make -C ps7_cortexa9_0/libsrc/axidma_v9_0/src -s include  "SHELL=CMD" "COMPILER=arm-xilinx-eabi-gcc" "ARCHIVER=arm-xilinx-eabi-ar" "COMPILER_FLAGS=  -O2 -c" "EXTRA_COMPILER_FLAGS=-g"
"Running Make include in ps7_cortexa9_0/libsrc/coresightps_dcc_v1_2/src"
make -C ps7_cortexa9_0/libsrc/coresightps_dcc_v1_2/src -s include  "SHELL=CMD" "COMPILER=arm-xilinx-eabi-gcc" "ARCHIVER=arm-xilinx-eabi-ar" "COMPILER_FLAGS=  -O2 -c" "EXTRA_COMPILER_FLAGS=-g"
"Running Make include in ps7_cortexa9_0/libsrc/cpu_cortexa9_v2_1/src"
make -C ps7_cortexa9_0/libsrc/cpu_cortexa9_v2_1/src -s include  "SHELL=CMD" "COMPILER=arm-xilinx-eabi-gcc" "ARCHIVER=arm-xilinx-eabi-ar" "COMPILER_FLAGS=  -O2 -c" "EXTRA_COMPILER_FLAGS=-g"
"Running Make include in ps7_cortexa9_0/libsrc/ddrps_v1_0/src"
make -C ps7_cortexa9_0/libsrc/ddrps_v1_0/src -s include  "SHELL=CMD" "COMPILER=arm-xilinx-eabi-gcc" "ARCHIVER=arm-xilinx-eabi-ar" "COMPILER_FLAGS=  -O2 -c" "EXTRA_COMPILER_FLAGS=-g"
"Running Make include in ps7_cortexa9_0/libsrc/devcfg_v3_3/src"
make -C ps7_cortexa9_0/libsrc/devcfg_v3_3/src -s include  "SHELL=CMD" "COMPILER=arm-xilinx-eabi-gcc" "ARCHIVER=arm-xilinx-eabi-ar" "COMPILER_FLAGS=  -O2 -c" "EXTRA_COMPILER_FLAGS=-g"
"Running Make include in ps7_cortexa9_0/libsrc/dmaps_v2_1/src"
make -C ps7_cortexa9_0/libsrc/dmaps_v2_1/src -s include  "SHELL=CMD" "COMPILER=arm-xilinx-eabi-gcc" "ARCHIVER=arm-xilinx-eabi-ar" "COMPILER_FLAGS=  -O2 -c" "EXTRA_COMPILER_FLAGS=-g"
"Running Make include in ps7_cortexa9_0/libsrc/gpio_v4_0/src"
make -C ps7_cortexa9_0/libsrc/gpio_v4_0/src -s include  "SHELL=CMD" "COMPILER=arm-xilinx-eabi-gcc" "ARCHIVER=arm-xilinx-eabi-ar" "COMPILER_FLAGS=  -O2 -c" "EXTRA_COMPILER_FLAGS=-g"
"Running Make include in ps7_cortexa9_0/libsrc/scugic_v3_1/src"
make -C ps7_cortexa9_0/libsrc/scugic_v3_1/src -s include  "SHELL=CMD" "COMPILER=arm-xilinx-eabi-gcc" "ARCHIVER=arm-xilinx-eabi-ar" "COMPILER_FLAGS=  -O2 -c" "EXTRA_COMPILER_FLAGS=-g"
"Running Make include in ps7_cortexa9_0/libsrc/scutimer_v2_1/src"
make -C ps7_cortexa9_0/libsrc/scutimer_v2_1/src -s include  "SHELL=CMD" "COMPILER=arm-xilinx-eabi-gcc" "ARCHIVER=arm-xilinx-eabi-ar" "COMPILER_FLAGS=  -O2 -c" "EXTRA_COMPILER_FLAGS=-g"
"Running Make include in ps7_cortexa9_0/libsrc/scuwdt_v2_1/src"
make -C ps7_cortexa9_0/libsrc/scuwdt_v2_1/src -s include  "SHELL=CMD" "COMPILER=arm-xilinx-eabi-gcc" "ARCHIVER=arm-xilinx-eabi-ar" "COMPILER_FLAGS=  -O2 -c" "EXTRA_COMPILER_FLAGS=-g"
"Running Make include in ps7_cortexa9_0/libsrc/standalone_v5_3/src"
make -C ps7_cortexa9_0/libsrc/standalone_v5_3/src -s include  "SHELL=CMD" "COMPILER=arm-xilinx-eabi-gcc" "ARCHIVER=arm-xilinx-eabi-ar" "COMPILER_FLAGS=  -O2 -c" "EXTRA_COMPILER_FLAGS=-g"
"Running Make include in ps7_cortexa9_0/libsrc/uartps_v3_1/src"
make -C ps7_cortexa9_0/libsrc/uartps_v3_1/src -s include  "SHELL=CMD" "COMPILER=arm-xilinx-eabi-gcc" "ARCHIVER=arm-xilinx-eabi-ar" "COMPILER_FLAGS=  -O2 -c" "EXTRA_COMPILER_FLAGS=-g"
"Running Make include in ps7_cortexa9_0/libsrc/xadcps_v2_2/src"
make -C ps7_cortexa9_0/libsrc/xadcps_v2_2/src -s include  "SHELL=CMD" "COMPILER=arm-xilinx-eabi-gcc" "ARCHIVER=arm-xilinx-eabi-ar" "COMPILER_FLAGS=  -O2 -c" "EXTRA_COMPILER_FLAGS=-g"
"Running Make libs in ps7_cortexa9_0/libsrc/axidma_v9_0/src"
make -C ps7_cortexa9_0/libsrc/axidma_v9_0/src -s libs  "SHELL=CMD" "COMPILER=arm-xilinx-eabi-gcc" "ARCHIVER=arm-xilinx-eabi-ar" "COMPILER_FLAGS=  -O2 -c" "EXTRA_COMPILER_FLAGS=-g"
"Compiling axidma"
In file included from xaxidma.h:470:0,
                 from xaxidma.c:83:
xaxidma.c: In function 'XAxiDma_Reset':
xaxidma_bdring.h:238:26: warning: assignment makes pointer from integer without a cast
    (RingPtr)->BdaRestart =      \
                          ^
xaxidma.c:313:3: note: in expansion of macro 'XAxiDma_BdRingSnapShotCurrBd'
   XAxiDma_BdRingSnapShotCurrBd(TxRingPtr);
   ^
xaxidma_bdring.h:243:27: warning: assignment makes pointer from integer without a cast
     (RingPtr)->BdaRestart =     \
                           ^
xaxidma.c:313:3: note: in expansion of macro 'XAxiDma_BdRingSnapShotCurrBd'
   XAxiDma_BdRingSnapShotCurrBd(TxRingPtr);
   ^
xaxidma_bdring.h:248:27: warning: assignment makes pointer from integer without a cast
     (RingPtr)->BdaRestart =     \
                           ^
xaxidma.c:313:3: note: in expansion of macro 'XAxiDma_BdRingSnapShotCurrBd'
   XAxiDma_BdRingSnapShotCurrBd(TxRingPtr);
   ^
xaxidma_bdring.h:238:26: warning: assignment makes pointer from integer without a cast
    (RingPtr)->BdaRestart =      \
                          ^
xaxidma.c:319:4: note: in expansion of macro 'XAxiDma_BdRingSnapShotCurrBd'
    XAxiDma_BdRingSnapShotCurrBd(RxRingPtr);
    ^
xaxidma_bdring.h:243:27: warning: assignment makes pointer from integer without a cast
     (RingPtr)->BdaRestart =     \
                           ^
xaxidma.c:319:4: note: in expansion of macro 'XAxiDma_BdRingSnapShotCurrBd'
    XAxiDma_BdRingSnapShotCurrBd(RxRingPtr);
    ^
xaxidma_bdring.h:248:27: warning: assignment makes pointer from integer without a cast
     (RingPtr)->BdaRestart =     \
                           ^
xaxidma.c:319:4: note: in expansion of macro 'XAxiDma_BdRingSnapShotCurrBd'
    XAxiDma_BdRingSnapShotCurrBd(RxRingPtr);
    ^
arm-xilinx-eabi-ar: creating ../../../lib/libxil.a
"Running Make libs in ps7_cortexa9_0/libsrc/coresightps_dcc_v1_2/src"
make -C ps7_cortexa9_0/libsrc/coresightps_dcc_v1_2/src -s libs  "SHELL=CMD" "COMPILER=arm-xilinx-eabi-gcc" "ARCHIVER=arm-xilinx-eabi-ar" "COMPILER_FLAGS=  -O2 -c" "EXTRA_COMPILER_FLAGS=-g"
"Compiling coresightps_dcc"
"Running Make libs in ps7_cortexa9_0/libsrc/cpu_cortexa9_v2_1/src"
make -C ps7_cortexa9_0/libsrc/cpu_cortexa9_v2_1/src -s libs  "SHELL=CMD" "COMPILER=arm-xilinx-eabi-gcc" "ARCHIVER=arm-xilinx-eabi-ar" "COMPILER_FLAGS=  -O2 -c" "EXTRA_COMPILER_FLAGS=-g"
"Compiling cpu_cortexa9"
"Running Make libs in ps7_cortexa9_0/libsrc/ddrps_v1_0/src"
make -C ps7_cortexa9_0/libsrc/ddrps_v1_0/src -s libs  "SHELL=CMD" "COMPILER=arm-xilinx-eabi-gcc" "ARCHIVER=arm-xilinx-eabi-ar" "COMPILER_FLAGS=  -O2 -c" "EXTRA_COMPILER_FLAGS=-g"
"Compiling ddrps"
"Running Make libs in ps7_cortexa9_0/libsrc/devcfg_v3_3/src"
make -C ps7_cortexa9_0/libsrc/devcfg_v3_3/src -s libs  "SHELL=CMD" "COMPILER=arm-xilinx-eabi-gcc" "ARCHIVER=arm-xilinx-eabi-ar" "COMPILER_FLAGS=  -O2 -c" "EXTRA_COMPILER_FLAGS=-g"
"Compiling devcfg"
"Running Make libs in ps7_cortexa9_0/libsrc/dmaps_v2_1/src"
make -C ps7_cortexa9_0/libsrc/dmaps_v2_1/src -s libs  "SHELL=CMD" "COMPILER=arm-xilinx-eabi-gcc" "ARCHIVER=arm-xilinx-eabi-ar" "COMPILER_FLAGS=  -O2 -c" "EXTRA_COMPILER_FLAGS=-g"
"Compiling dmaps"
"Running Make libs in ps7_cortexa9_0/libsrc/gpio_v4_0/src"
make -C ps7_cortexa9_0/libsrc/gpio_v4_0/src -s libs  "SHELL=CMD" "COMPILER=arm-xilinx-eabi-gcc" "ARCHIVER=arm-xilinx-eabi-ar" "COMPILER_FLAGS=  -O2 -c" "EXTRA_COMPILER_FLAGS=-g"
"Compiling gpio"
"Running Make libs in ps7_cortexa9_0/libsrc/scugic_v3_1/src"
make -C ps7_cortexa9_0/libsrc/scugic_v3_1/src -s libs  "SHELL=CMD" "COMPILER=arm-xilinx-eabi-gcc" "ARCHIVER=arm-xilinx-eabi-ar" "COMPILER_FLAGS=  -O2 -c" "EXTRA_COMPILER_FLAGS=-g"
"Compiling scugic"
"Running Make libs in ps7_cortexa9_0/libsrc/scutimer_v2_1/src"
make -C ps7_cortexa9_0/libsrc/scutimer_v2_1/src -s libs  "SHELL=CMD" "COMPILER=arm-xilinx-eabi-gcc" "ARCHIVER=arm-xilinx-eabi-ar" "COMPILER_FLAGS=  -O2 -c" "EXTRA_COMPILER_FLAGS=-g"
"Compiling scutimer"
"Running Make libs in ps7_cortexa9_0/libsrc/scuwdt_v2_1/src"
make -C ps7_cortexa9_0/libsrc/scuwdt_v2_1/src -s libs  "SHELL=CMD" "COMPILER=arm-xilinx-eabi-gcc" "ARCHIVER=arm-xilinx-eabi-ar" "COMPILER_FLAGS=  -O2 -c" "EXTRA_COMPILER_FLAGS=-g"
"Compiling scuwdt"
"Running Make libs in ps7_cortexa9_0/libsrc/standalone_v5_3/src"
make -C ps7_cortexa9_0/libsrc/standalone_v5_3/src -s libs  "SHELL=CMD" "COMPILER=arm-xilinx-eabi-gcc" "ARCHIVER=arm-xilinx-eabi-ar" "COMPILER_FLAGS=  -O2 -c" "EXTRA_COMPILER_FLAGS=-g"
"Compiling standalone"
"Running Make libs in ps7_cortexa9_0/libsrc/uartps_v3_1/src"
make -C ps7_cortexa9_0/libsrc/uartps_v3_1/src -s libs  "SHELL=CMD" "COMPILER=arm-xilinx-eabi-gcc" "ARCHIVER=arm-xilinx-eabi-ar" "COMPILER_FLAGS=  -O2 -c" "EXTRA_COMPILER_FLAGS=-g"
"Compiling uartps"
"Running Make libs in ps7_cortexa9_0/libsrc/xadcps_v2_2/src"
make -C ps7_cortexa9_0/libsrc/xadcps_v2_2/src -s libs  "SHELL=CMD" "COMPILER=arm-xilinx-eabi-gcc" "ARCHIVER=arm-xilinx-eabi-ar" "COMPILER_FLAGS=  -O2 -c" "EXTRA_COMPILER_FLAGS=-g"
"Compiling xadcps"
'Finished building libraries'
12:36:41 **** Build of configuration Debug for project test ****
make all 
'Building file: ../src/helloworld.c'
'Invoking: ARM gcc compiler'
arm-xilinx-eabi-gcc -Wall -O0 -g3 -c -fmessage-length=0 -MT"src/helloworld.o" -I../../test_bsp/ps7_cortexa9_0/include -MMD -MP -MF"src/helloworld.d" -MT"src/helloworld.d" -o "src/helloworld.o" "../src/helloworld.c"
'Finished building: ../src/helloworld.c'
' '
'Building file: ../src/platform.c'
'Invoking: ARM gcc compiler'
arm-xilinx-eabi-gcc -Wall -O0 -g3 -c -fmessage-length=0 -MT"src/platform.o" -I../../test_bsp/ps7_cortexa9_0/include -MMD -MP -MF"src/platform.d" -MT"src/platform.d" -o "src/platform.o" "../src/platform.c"
'Finished building: ../src/platform.c'
' '
'Building target: test.elf'
'Invoking: ARM gcc linker'
arm-xilinx-eabi-gcc -Wl,-T -Wl,../src/lscript.ld -L../../test_bsp/ps7_cortexa9_0/lib -o "test.elf"  ./src/helloworld.o ./src/platform.o   -Wl,--start-group,-lxil,-lgcc,-lc,--end-group
'Finished building target: test.elf'
' '
'Invoking: ARM Print Size'
arm-xilinx-eabi-size test.elf  |tee "test.elf.size"
   text	   data	    bss	    dec	    hex	filename
  22888	   1152	  22564	  46604	   b60c	test.elf
'Finished building: test.elf.size'
' '
13:20:40 **** Incremental Build of configuration Debug for project FIFOTest ****
make all 
make: Nothing to be done for `all'.
13:36:37 **** Incremental Build of configuration Debug for project FIFOTest ****
make all 
make: Nothing to be done for `all'.
